ARM GAS  C:\Users\Liuzq\AppData\Local\Temp\ccpshiM2.s 			page 1


   1              		.cpu cortex-m4
   2              		.arch armv7e-m
   3              		.fpu fpv4-sp-d16
   4              		.eabi_attribute 27, 1
   5              		.eabi_attribute 28, 1
   6              		.eabi_attribute 20, 1
   7              		.eabi_attribute 21, 1
   8              		.eabi_attribute 23, 3
   9              		.eabi_attribute 24, 1
  10              		.eabi_attribute 25, 1
  11              		.eabi_attribute 26, 1
  12              		.eabi_attribute 30, 1
  13              		.eabi_attribute 34, 1
  14              		.eabi_attribute 18, 4
  15              		.file	"gpio.c"
  16              		.text
  17              	.Ltext0:
  18              		.cfi_sections	.debug_frame
  19              		.file 1 "Core/Src/gpio.c"
  20              		.section	.text.MX_GPIO_Init,"ax",%progbits
  21              		.align	1
  22              		.global	MX_GPIO_Init
  23              		.syntax unified
  24              		.thumb
  25              		.thumb_func
  27              	MX_GPIO_Init:
  28              	.LFB134:
   1:Core/Src/gpio.c **** /* USER CODE BEGIN Header */
   2:Core/Src/gpio.c **** /**
   3:Core/Src/gpio.c ****   ******************************************************************************
   4:Core/Src/gpio.c ****   * @file    gpio.c
   5:Core/Src/gpio.c ****   * @brief   This file provides code for the configuration
   6:Core/Src/gpio.c ****   *          of all used GPIO pins.
   7:Core/Src/gpio.c ****   ******************************************************************************
   8:Core/Src/gpio.c ****   * @attention
   9:Core/Src/gpio.c ****   *
  10:Core/Src/gpio.c ****   * Copyright (c) 2026 STMicroelectronics.
  11:Core/Src/gpio.c ****   * All rights reserved.
  12:Core/Src/gpio.c ****   *
  13:Core/Src/gpio.c ****   * This software is licensed under terms that can be found in the LICENSE file
  14:Core/Src/gpio.c ****   * in the root directory of this software component.
  15:Core/Src/gpio.c ****   * If no LICENSE file comes with this software, it is provided AS-IS.
  16:Core/Src/gpio.c ****   *
  17:Core/Src/gpio.c ****   ******************************************************************************
  18:Core/Src/gpio.c ****   */
  19:Core/Src/gpio.c **** /* USER CODE END Header */
  20:Core/Src/gpio.c **** 
  21:Core/Src/gpio.c **** /* Includes ------------------------------------------------------------------*/
  22:Core/Src/gpio.c **** #include "gpio.h"
  23:Core/Src/gpio.c **** 
  24:Core/Src/gpio.c **** /* USER CODE BEGIN 0 */
  25:Core/Src/gpio.c **** 
  26:Core/Src/gpio.c **** /* USER CODE END 0 */
  27:Core/Src/gpio.c **** 
  28:Core/Src/gpio.c **** /*----------------------------------------------------------------------------*/
  29:Core/Src/gpio.c **** /* Configure GPIO                                                             */
  30:Core/Src/gpio.c **** /*----------------------------------------------------------------------------*/
ARM GAS  C:\Users\Liuzq\AppData\Local\Temp\ccpshiM2.s 			page 2


  31:Core/Src/gpio.c **** /* USER CODE BEGIN 1 */
  32:Core/Src/gpio.c **** 
  33:Core/Src/gpio.c **** /* USER CODE END 1 */
  34:Core/Src/gpio.c **** 
  35:Core/Src/gpio.c **** /** Configure pins as
  36:Core/Src/gpio.c ****         * Analog
  37:Core/Src/gpio.c ****         * Input
  38:Core/Src/gpio.c ****         * Output
  39:Core/Src/gpio.c ****         * EVENT_OUT
  40:Core/Src/gpio.c ****         * EXTI
  41:Core/Src/gpio.c **** */
  42:Core/Src/gpio.c **** void MX_GPIO_Init(void)
  43:Core/Src/gpio.c **** {
  29              		.loc 1 43 1 view -0
  30              		.cfi_startproc
  31              		@ args = 0, pretend = 0, frame = 32
  32              		@ frame_needed = 0, uses_anonymous_args = 0
  33 0000 F0B5     		push	{r4, r5, r6, r7, lr}
  34              	.LCFI0:
  35              		.cfi_def_cfa_offset 20
  36              		.cfi_offset 4, -20
  37              		.cfi_offset 5, -16
  38              		.cfi_offset 6, -12
  39              		.cfi_offset 7, -8
  40              		.cfi_offset 14, -4
  41 0002 89B0     		sub	sp, sp, #36
  42              	.LCFI1:
  43              		.cfi_def_cfa_offset 56
  44:Core/Src/gpio.c **** 
  45:Core/Src/gpio.c ****   GPIO_InitTypeDef GPIO_InitStruct = {0};
  44              		.loc 1 45 3 view .LVU1
  45              		.loc 1 45 20 is_stmt 0 view .LVU2
  46 0004 03AD     		add	r5, sp, #12
  47 0006 0024     		movs	r4, #0
  48 0008 0394     		str	r4, [sp, #12]
  49 000a 0494     		str	r4, [sp, #16]
  50 000c 0594     		str	r4, [sp, #20]
  51 000e 0694     		str	r4, [sp, #24]
  52 0010 0794     		str	r4, [sp, #28]
  46:Core/Src/gpio.c **** 
  47:Core/Src/gpio.c ****   /* GPIO Ports Clock Enable */
  48:Core/Src/gpio.c ****   __HAL_RCC_GPIOF_CLK_ENABLE();
  53              		.loc 1 48 3 is_stmt 1 view .LVU3
  54              	.LBB2:
  55              		.loc 1 48 3 view .LVU4
  56 0012 0094     		str	r4, [sp]
  57              		.loc 1 48 3 view .LVU5
  58 0014 214B     		ldr	r3, .L3
  59 0016 1A6B     		ldr	r2, [r3, #48]
  60 0018 42F02002 		orr	r2, r2, #32
  61 001c 1A63     		str	r2, [r3, #48]
  62              		.loc 1 48 3 view .LVU6
  63 001e 1A6B     		ldr	r2, [r3, #48]
  64 0020 02F02002 		and	r2, r2, #32
  65 0024 0092     		str	r2, [sp]
  66              		.loc 1 48 3 view .LVU7
  67 0026 009A     		ldr	r2, [sp]
ARM GAS  C:\Users\Liuzq\AppData\Local\Temp\ccpshiM2.s 			page 3


  68              	.LBE2:
  69              		.loc 1 48 3 view .LVU8
  49:Core/Src/gpio.c ****   __HAL_RCC_GPIOH_CLK_ENABLE();
  70              		.loc 1 49 3 view .LVU9
  71              	.LBB3:
  72              		.loc 1 49 3 view .LVU10
  73 0028 0194     		str	r4, [sp, #4]
  74              		.loc 1 49 3 view .LVU11
  75 002a 1A6B     		ldr	r2, [r3, #48]
  76 002c 42F08002 		orr	r2, r2, #128
  77 0030 1A63     		str	r2, [r3, #48]
  78              		.loc 1 49 3 view .LVU12
  79 0032 1A6B     		ldr	r2, [r3, #48]
  80 0034 02F08002 		and	r2, r2, #128
  81 0038 0192     		str	r2, [sp, #4]
  82              		.loc 1 49 3 view .LVU13
  83 003a 019A     		ldr	r2, [sp, #4]
  84              	.LBE3:
  85              		.loc 1 49 3 view .LVU14
  50:Core/Src/gpio.c ****   __HAL_RCC_GPIOE_CLK_ENABLE();
  86              		.loc 1 50 3 view .LVU15
  87              	.LBB4:
  88              		.loc 1 50 3 view .LVU16
  89 003c 0294     		str	r4, [sp, #8]
  90              		.loc 1 50 3 view .LVU17
  91 003e 1A6B     		ldr	r2, [r3, #48]
  92 0040 42F01002 		orr	r2, r2, #16
  93 0044 1A63     		str	r2, [r3, #48]
  94              		.loc 1 50 3 view .LVU18
  95 0046 1B6B     		ldr	r3, [r3, #48]
  96 0048 03F01003 		and	r3, r3, #16
  97 004c 0293     		str	r3, [sp, #8]
  98              		.loc 1 50 3 view .LVU19
  99 004e 029B     		ldr	r3, [sp, #8]
 100              	.LBE4:
 101              		.loc 1 50 3 view .LVU20
  51:Core/Src/gpio.c **** 
  52:Core/Src/gpio.c ****   /*Configure GPIO pin Output Level */
  53:Core/Src/gpio.c ****   HAL_GPIO_WritePin(GPIOF, LED0_Pin|LED1_Pin, GPIO_PIN_RESET);
 102              		.loc 1 53 3 view .LVU21
 103 0050 134F     		ldr	r7, .L3+4
 104 0052 2246     		mov	r2, r4
 105 0054 4FF4C061 		mov	r1, #1536
 106 0058 3846     		mov	r0, r7
 107 005a FFF7FEFF 		bl	HAL_GPIO_WritePin
 108              	.LVL0:
  54:Core/Src/gpio.c **** 
  55:Core/Src/gpio.c ****   /*Configure GPIO pins : LED0_Pin LED1_Pin */
  56:Core/Src/gpio.c ****   GPIO_InitStruct.Pin = LED0_Pin|LED1_Pin;
 109              		.loc 1 56 3 view .LVU22
 110              		.loc 1 56 23 is_stmt 0 view .LVU23
 111 005e 4FF4C063 		mov	r3, #1536
 112 0062 0393     		str	r3, [sp, #12]
  57:Core/Src/gpio.c ****   GPIO_InitStruct.Mode = GPIO_MODE_OUTPUT_PP;
 113              		.loc 1 57 3 is_stmt 1 view .LVU24
 114              		.loc 1 57 24 is_stmt 0 view .LVU25
 115 0064 0126     		movs	r6, #1
ARM GAS  C:\Users\Liuzq\AppData\Local\Temp\ccpshiM2.s 			page 4


 116 0066 0496     		str	r6, [sp, #16]
  58:Core/Src/gpio.c ****   GPIO_InitStruct.Pull = GPIO_NOPULL;
 117              		.loc 1 58 3 is_stmt 1 view .LVU26
 118              		.loc 1 58 24 is_stmt 0 view .LVU27
 119 0068 0594     		str	r4, [sp, #20]
  59:Core/Src/gpio.c ****   GPIO_InitStruct.Speed = GPIO_SPEED_FREQ_LOW;
 120              		.loc 1 59 3 is_stmt 1 view .LVU28
 121              		.loc 1 59 25 is_stmt 0 view .LVU29
 122 006a 0694     		str	r4, [sp, #24]
  60:Core/Src/gpio.c ****   HAL_GPIO_Init(GPIOF, &GPIO_InitStruct);
 123              		.loc 1 60 3 is_stmt 1 view .LVU30
 124 006c 2946     		mov	r1, r5
 125 006e 3846     		mov	r0, r7
 126 0070 FFF7FEFF 		bl	HAL_GPIO_Init
 127              	.LVL1:
  61:Core/Src/gpio.c **** 
  62:Core/Src/gpio.c ****   /*Configure GPIO pin : KEY0_Pin */
  63:Core/Src/gpio.c ****   GPIO_InitStruct.Pin = KEY0_Pin;
 128              		.loc 1 63 3 view .LVU31
 129              		.loc 1 63 23 is_stmt 0 view .LVU32
 130 0074 1023     		movs	r3, #16
 131 0076 0393     		str	r3, [sp, #12]
  64:Core/Src/gpio.c ****   GPIO_InitStruct.Mode = GPIO_MODE_IT_FALLING;
 132              		.loc 1 64 3 is_stmt 1 view .LVU33
 133              		.loc 1 64 24 is_stmt 0 view .LVU34
 134 0078 4FF40413 		mov	r3, #2162688
 135 007c 0493     		str	r3, [sp, #16]
  65:Core/Src/gpio.c ****   GPIO_InitStruct.Pull = GPIO_PULLUP;
 136              		.loc 1 65 3 is_stmt 1 view .LVU35
 137              		.loc 1 65 24 is_stmt 0 view .LVU36
 138 007e 0596     		str	r6, [sp, #20]
  66:Core/Src/gpio.c ****   HAL_GPIO_Init(KEY0_GPIO_Port, &GPIO_InitStruct);
 139              		.loc 1 66 3 is_stmt 1 view .LVU37
 140 0080 2946     		mov	r1, r5
 141 0082 0848     		ldr	r0, .L3+8
 142 0084 FFF7FEFF 		bl	HAL_GPIO_Init
 143              	.LVL2:
  67:Core/Src/gpio.c **** 
  68:Core/Src/gpio.c ****   /* EXTI interrupt init*/
  69:Core/Src/gpio.c ****   HAL_NVIC_SetPriority(EXTI4_IRQn, 0, 0);
 144              		.loc 1 69 3 view .LVU38
 145 0088 2246     		mov	r2, r4
 146 008a 2146     		mov	r1, r4
 147 008c 0A20     		movs	r0, #10
 148 008e FFF7FEFF 		bl	HAL_NVIC_SetPriority
 149              	.LVL3:
  70:Core/Src/gpio.c ****   HAL_NVIC_EnableIRQ(EXTI4_IRQn);
 150              		.loc 1 70 3 view .LVU39
 151 0092 0A20     		movs	r0, #10
 152 0094 FFF7FEFF 		bl	HAL_NVIC_EnableIRQ
 153              	.LVL4:
  71:Core/Src/gpio.c **** 
  72:Core/Src/gpio.c **** }
 154              		.loc 1 72 1 is_stmt 0 view .LVU40
 155 0098 09B0     		add	sp, sp, #36
 156              	.LCFI2:
 157              		.cfi_def_cfa_offset 20
ARM GAS  C:\Users\Liuzq\AppData\Local\Temp\ccpshiM2.s 			page 5


 158              		@ sp needed
 159 009a F0BD     		pop	{r4, r5, r6, r7, pc}
 160              	.L4:
 161              		.align	2
 162              	.L3:
 163 009c 00380240 		.word	1073887232
 164 00a0 00140240 		.word	1073878016
 165 00a4 00100240 		.word	1073876992
 166              		.cfi_endproc
 167              	.LFE134:
 169              		.text
 170              	.Letext0:
 171              		.file 2 "Drivers/CMSIS/Device/ST/STM32F4xx/Include/stm32f407xx.h"
 172              		.file 3 "C:/Users/Liuzq/.eide/tools/gcc_arm/arm-none-eabi/include/machine/_default_types.h"
 173              		.file 4 "C:/Users/Liuzq/.eide/tools/gcc_arm/arm-none-eabi/include/sys/_stdint.h"
 174              		.file 5 "Drivers/STM32F4xx_HAL_Driver/Inc/stm32f4xx_hal_gpio.h"
 175              		.file 6 "Drivers/STM32F4xx_HAL_Driver/Inc/stm32f4xx_hal_cortex.h"
ARM GAS  C:\Users\Liuzq\AppData\Local\Temp\ccpshiM2.s 			page 6


DEFINED SYMBOLS
                            *ABS*:00000000 gpio.c
C:\Users\Liuzq\AppData\Local\Temp\ccpshiM2.s:21     .text.MX_GPIO_Init:00000000 $t
C:\Users\Liuzq\AppData\Local\Temp\ccpshiM2.s:27     .text.MX_GPIO_Init:00000000 MX_GPIO_Init
C:\Users\Liuzq\AppData\Local\Temp\ccpshiM2.s:163    .text.MX_GPIO_Init:0000009c $d

UNDEFINED SYMBOLS
HAL_GPIO_WritePin
HAL_GPIO_Init
HAL_NVIC_SetPriority
HAL_NVIC_EnableIRQ
