Archive member included to satisfy reference by file (symbol)

C:/Users/Liuzq/.eide/tools/gcc_arm/bin/../lib/gcc/arm-none-eabi/15.2.1/../../../../arm-none-eabi/lib/thumb/v7e-m+fp/hard\libc_nano.a(libc_a-exit.o)
                              C:/Users/Liuzq/.eide/tools/gcc_arm/bin/../lib/gcc/arm-none-eabi/15.2.1/../../../../arm-none-eabi/lib/thumb/v7e-m+fp/hard/crt0.o (exit)
C:/Users/Liuzq/.eide/tools/gcc_arm/bin/../lib/gcc/arm-none-eabi/15.2.1/../../../../arm-none-eabi/lib/thumb/v7e-m+fp/hard\libc_nano.a(libc_a-findfp.o)
                              C:/Users/Liuzq/.eide/tools/gcc_arm/bin/../lib/gcc/arm-none-eabi/15.2.1/../../../../arm-none-eabi/lib/thumb/v7e-m+fp/hard\libc_nano.a(libc_a-exit.o) (__stdio_exit_handler)
C:/Users/Liuzq/.eide/tools/gcc_arm/bin/../lib/gcc/arm-none-eabi/15.2.1/../../../../arm-none-eabi/lib/thumb/v7e-m+fp/hard\libc_nano.a(libc_a-fwalk.o)
                              C:/Users/Liuzq/.eide/tools/gcc_arm/bin/../lib/gcc/arm-none-eabi/15.2.1/../../../../arm-none-eabi/lib/thumb/v7e-m+fp/hard\libc_nano.a(libc_a-findfp.o) (_fwalk_sglue)
C:/Users/Liuzq/.eide/tools/gcc_arm/bin/../lib/gcc/arm-none-eabi/15.2.1/../../../../arm-none-eabi/lib/thumb/v7e-m+fp/hard\libc_nano.a(libc_a-printf.o)
                              build/main.o (printf)
C:/Users/Liuzq/.eide/tools/gcc_arm/bin/../lib/gcc/arm-none-eabi/15.2.1/../../../../arm-none-eabi/lib/thumb/v7e-m+fp/hard\libc_nano.a(libc_a-puts.o)
                              build/main.o (puts)
C:/Users/Liuzq/.eide/tools/gcc_arm/bin/../lib/gcc/arm-none-eabi/15.2.1/../../../../arm-none-eabi/lib/thumb/v7e-m+fp/hard\libc_nano.a(libc_a-stdio.o)
                              C:/Users/Liuzq/.eide/tools/gcc_arm/bin/../lib/gcc/arm-none-eabi/15.2.1/../../../../arm-none-eabi/lib/thumb/v7e-m+fp/hard\libc_nano.a(libc_a-findfp.o) (__sread)
C:/Users/Liuzq/.eide/tools/gcc_arm/bin/../lib/gcc/arm-none-eabi/15.2.1/../../../../arm-none-eabi/lib/thumb/v7e-m+fp/hard\libc_nano.a(libc_a-wbuf.o)
                              C:/Users/Liuzq/.eide/tools/gcc_arm/bin/../lib/gcc/arm-none-eabi/15.2.1/../../../../arm-none-eabi/lib/thumb/v7e-m+fp/hard\libc_nano.a(libc_a-puts.o) (__swbuf_r)
C:/Users/Liuzq/.eide/tools/gcc_arm/bin/../lib/gcc/arm-none-eabi/15.2.1/../../../../arm-none-eabi/lib/thumb/v7e-m+fp/hard\libc_nano.a(libc_a-wsetup.o)
                              C:/Users/Liuzq/.eide/tools/gcc_arm/bin/../lib/gcc/arm-none-eabi/15.2.1/../../../../arm-none-eabi/lib/thumb/v7e-m+fp/hard\libc_nano.a(libc_a-puts.o) (__swsetup_r)
C:/Users/Liuzq/.eide/tools/gcc_arm/bin/../lib/gcc/arm-none-eabi/15.2.1/../../../../arm-none-eabi/lib/thumb/v7e-m+fp/hard\libc_nano.a(libc_a-memset.o)
                              C:/Users/Liuzq/.eide/tools/gcc_arm/bin/../lib/gcc/arm-none-eabi/15.2.1/../../../../arm-none-eabi/lib/thumb/v7e-m+fp/hard/crt0.o (memset)
C:/Users/Liuzq/.eide/tools/gcc_arm/bin/../lib/gcc/arm-none-eabi/15.2.1/../../../../arm-none-eabi/lib/thumb/v7e-m+fp/hard\libc_nano.a(libc_a-closer.o)
                              C:/Users/Liuzq/.eide/tools/gcc_arm/bin/../lib/gcc/arm-none-eabi/15.2.1/../../../../arm-none-eabi/lib/thumb/v7e-m+fp/hard\libc_nano.a(libc_a-stdio.o) (_close_r)
C:/Users/Liuzq/.eide/tools/gcc_arm/bin/../lib/gcc/arm-none-eabi/15.2.1/../../../../arm-none-eabi/lib/thumb/v7e-m+fp/hard\libc_nano.a(libc_a-reent.o)
                              C:/Users/Liuzq/.eide/tools/gcc_arm/bin/../lib/gcc/arm-none-eabi/15.2.1/../../../../arm-none-eabi/lib/thumb/v7e-m+fp/hard\libc_nano.a(libc_a-closer.o) (errno)
C:/Users/Liuzq/.eide/tools/gcc_arm/bin/../lib/gcc/arm-none-eabi/15.2.1/../../../../arm-none-eabi/lib/thumb/v7e-m+fp/hard\libc_nano.a(libc_a-impure.o)
                              C:/Users/Liuzq/.eide/tools/gcc_arm/bin/../lib/gcc/arm-none-eabi/15.2.1/../../../../arm-none-eabi/lib/thumb/v7e-m+fp/hard\libc_nano.a(libc_a-printf.o) (_impure_ptr)
C:/Users/Liuzq/.eide/tools/gcc_arm/bin/../lib/gcc/arm-none-eabi/15.2.1/../../../../arm-none-eabi/lib/thumb/v7e-m+fp/hard\libc_nano.a(libc_a-lseekr.o)
                              C:/Users/Liuzq/.eide/tools/gcc_arm/bin/../lib/gcc/arm-none-eabi/15.2.1/../../../../arm-none-eabi/lib/thumb/v7e-m+fp/hard\libc_nano.a(libc_a-stdio.o) (_lseek_r)
C:/Users/Liuzq/.eide/tools/gcc_arm/bin/../lib/gcc/arm-none-eabi/15.2.1/../../../../arm-none-eabi/lib/thumb/v7e-m+fp/hard\libc_nano.a(libc_a-readr.o)
                              C:/Users/Liuzq/.eide/tools/gcc_arm/bin/../lib/gcc/arm-none-eabi/15.2.1/../../../../arm-none-eabi/lib/thumb/v7e-m+fp/hard\libc_nano.a(libc_a-stdio.o) (_read_r)
C:/Users/Liuzq/.eide/tools/gcc_arm/bin/../lib/gcc/arm-none-eabi/15.2.1/../../../../arm-none-eabi/lib/thumb/v7e-m+fp/hard\libc_nano.a(libc_a-writer.o)
                              C:/Users/Liuzq/.eide/tools/gcc_arm/bin/../lib/gcc/arm-none-eabi/15.2.1/../../../../arm-none-eabi/lib/thumb/v7e-m+fp/hard\libc_nano.a(libc_a-stdio.o) (_write_r)
C:/Users/Liuzq/.eide/tools/gcc_arm/bin/../lib/gcc/arm-none-eabi/15.2.1/../../../../arm-none-eabi/lib/thumb/v7e-m+fp/hard\libc_nano.a(libc_a-errno.o)
[...]
Memory Configuration

Name             Origin             Length             Attributes
RAM              0x20000000         0x00020000         xrw
CCMRAM           0x10000000         0x00010000         xrw
FLASH            0x08000000         0x00100000         xr
*default*        0x00000000         0xffffffff

Linker script and memory map

LOAD C:/Users/Liuzq/.eide/tools/gcc_arm/bin/../lib/gcc/arm-none-eabi/15.2.1/thumb/v7e-m+fp/hard/crti.o
LOAD C:/Users/Liuzq/.eide/tools/gcc_arm/bin/../lib/gcc/arm-none-eabi/15.2.1/thumb/v7e-m+fp/hard/crtbegin.o
LOAD C:/Users/Liuzq/.eide/tools/gcc_arm/bin/../lib/gcc/arm-none-eabi/15.2.1/../../../../arm-none-eabi/lib/thumb/v7e-m+fp/hard/crt0.o
LOAD build/main.o
LOAD build/stm32f4xx_it.o
LOAD build/stm32f4xx_hal_msp.o
LOAD build/stm32f4xx_hal_uart.o
LOAD build/stm32f4xx_hal_rcc.o
LOAD build/stm32f4xx_hal_rcc_ex.o
LOAD build/stm32f4xx_hal_flash.o
LOAD build/stm32f4xx_hal_flash_ex.o
LOAD build/stm32f4xx_hal_flash_ramfunc.o
LOAD build/stm32f4xx_hal_gpio.o
LOAD build/stm32f4xx_hal_dma_ex.o
LOAD build/stm32f4xx_hal_dma.o
LOAD build/stm32f4xx_hal_pwr.o
LOAD build/stm32f4xx_hal_pwr_ex.o
LOAD build/stm32f4xx_hal_cortex.o
LOAD build/stm32f4xx_hal.o
LOAD build/stm32f4xx_hal_exti.o
LOAD build/system_stm32f4xx.o
LOAD build/sysmem.o
LOAD build/syscalls.o
LOAD build/startup_stm32f407xx.o
LOAD C:/Users/Liuzq/.eide/tools/gcc_arm/bin/../lib/gcc/arm-none-eabi/15.2.1/../../../../arm-none-eabi/lib/thumb/v7e-m+fp/hard\libc_nano.a
LOAD C:/Users/Liuzq/.eide/tools/gcc_arm/bin/../lib/gcc/arm-none-eabi/15.2.1/../../../../arm-none-eabi/lib/thumb/v7e-m+fp/hard\libm.a
LOAD C:/Users/Liuzq/.eide/tools/gcc_arm/bin/../lib/gcc/arm-none-eabi/15.2.1/../../../../arm-none-eabi/lib/thumb/v7e-m+fp/hard\libnosys.a
START GROUP
LOAD C:/Users/Liuzq/.eide/tools/gcc_arm/bin/../lib/gcc/arm-none-eabi/15.2.1/thumb/v7e-m+fp/hard\libgcc.a
LOAD C:/Users/Liuzq/.eide/tools/gcc_arm/bin/../lib/gcc/arm-none-eabi/15.2.1/../../../../arm-none-eabi/lib/thumb/v7e-m+fp/hard\libc_nano.a
END GROUP
START GROUP
LOAD C:/Users/Liuzq/.eide/tools/gcc_arm/bin/../lib/gcc/arm-none-eabi/15.2.1/thumb/v7e-m+fp/hard\libgcc.a
LOAD C:/Users/Liuzq/.eide/tools/gcc_arm/bin/../lib/gcc/arm-none-eabi/15.2.1/../../../../arm-none-eabi/lib/thumb/v7e-m+fp/hard\libc_nano.a
END GROUP
LOAD C:/Users/Liuzq/.eide/tools/gcc_arm/bin/../lib/gcc/arm-none-eabi/15.2.1/thumb/v7e-m+fp/hard/crtend.o
LOAD C:/Users/Liuzq/.eide/tools/gcc_arm/bin/../lib/gcc/arm-none-eabi/15.2.1/thumb/v7e-m+fp/hard/crtn.o
                0x20020000                        _estack = (ORIGIN (RAM) + LENGTH (RAM))
                0x2001fc00                        _sstack = (_estack - _Min_Stack_Size)
                0x00000200                        _Min_Heap_Size = 0x200
                0x00000400                        _Min_Stack_Size = 0x400

.isr_vector     0x08000000      0x188
                0x08000000                        . = ALIGN (0x4)
 *(.isr_vector)
 .isr_vector    0x08000000      0x188 build/startup_stm32f407xx.o
                0x08000000                g_pfnVectors
                0x08000188                        . = ALIGN (0x4)

.text           0x08000190     0x2514
                0x08000190                        . = ALIGN (0x4)
 *(.text)
 .text          0x08000190       0xa0 C:/Users/Liuzq/.eide/tools/gcc_arm/bin/../lib/gcc/arm-none-eabi/15.2.1/../../../../arm-none-eabi/lib/thumb/v7e-m+fp/hard\libc_nano.a(libc_a-memchr.o)
                0x08000190                memchr
 .text          0x08000230       0x30 C:/Users/Liuzq/.eide/tools/gcc_arm/bin/../lib/gcc/arm-none-eabi/15.2.1/thumb/v7e-m+fp/hard\libgcc.a(_aeabi_uldivmod.o)
                0x08000230                __aeabi_uldivmod
 .text          0x08000260        0x4 C:/Users/Liuzq/.eide/tools/gcc_arm/bin/../lib/gcc/arm-none-eabi/15.2.1/thumb/v7e-m+fp/hard\libgcc.a(_dvmd_tls.o)
                0x08000260                __aeabi_idiv0
                0x08000260                __aeabi_ldiv0
 *(.text*)
 .text.deregister_tm_clones
                0x08000264       0x1c C:/Users/Liuzq/.eide/tools/gcc_arm/bin/../lib/gcc/arm-none-eabi/15.2.1/thumb/v7e-m+fp/hard/crtbegin.o
 .text.register_tm_clones
                0x08000280       0x24 C:/Users/Liuzq/.eide/tools/gcc_arm/bin/../lib/gcc/arm-none-eabi/15.2.1/thumb/v7e-m+fp/hard/crtbegin.o
 .text.__do_global_dtors_aux
                0x080002a4       0x28 C:/Users/Liuzq/.eide/tools/gcc_arm/bin/../lib/gcc/arm-none-eabi/15.2.1/thumb/v7e-m+fp/hard/crtbegin.o
 .text.frame_dummy
                0x080002cc       0x24 C:/Users/Liuzq/.eide/tools/gcc_arm/bin/../lib/gcc/arm-none-eabi/15.2.1/thumb/v7e-m+fp/hard/crtbegin.o
 .text.MX_GPIO_Init
                0x080002f0       0xf8 build/main.o
 .text.LED_PrintMode
                0x080003e8       0x20 build/main.o
                0x080003e8                LED_PrintMode
 .text.LED_SetMode
                0x08000408       0x1c build/main.o
                0x08000408                LED_SetMode
 .text.LED_ToggleHazard
                0x08000424       0x50 build/main.o
                0x08000424                LED_ToggleHazard
 .text.LED_Update
                0x08000474       0xec build/main.o
                0x08000474                LED_Update
 .text.HAL_GPIO_EXTI_Callback
                0x08000560       0x58 build/main.o
                0x08000560                HAL_GPIO_EXTI_Callback
 .text.Error_Handler
                0x080005b8        0x4 build/main.o
                0x080005b8                Error_Handler
 .text.MX_USART1_UART_Init
                0x080005bc       0x34 build/main.o
 .text.SystemClock_Config
                0x080005f0       0xa8 build/main.o
                0x080005f0                SystemClock_Config
 .text.main     0x08000698       0x44 build/main.o
                0x08000698                main
 .text.NMI_Handler
                0x080006dc        0x2 build/stm32f4xx_it.o
                0x080006dc                NMI_Handler
 .text.HardFault_Handler
                0x080006de        0x2 build/stm32f4xx_it.o
                0x080006de                HardFault_Handler
 .text.MemManage_Handler
                0x080006e0        0x2 build/stm32f4xx_it.o
                0x080006e0                MemManage_Handler
 .text.BusFault_Handler
                0x080006e2        0x2 build/stm32f4xx_it.o
                0x080006e2                BusFault_Handler
 .text.UsageFault_Handler
                0x080006e4        0x2 build/stm32f4xx_it.o
                0x080006e4                UsageFault_Handler
 .text.SVC_Handler
                0x080006e6        0x2 build/stm32f4xx_it.o
                0x080006e6                SVC_Handler
 .text.DebugMon_Handler
                0x080006e8        0x2 build/stm32f4xx_it.o
                0x080006e8                DebugMon_Handler
 .text.PendSV_Handler
                0x080006ea        0x2 build/stm32f4xx_it.o
                0x080006ea                PendSV_Handler
 .text.SysTick_Handler
                0x080006ec        0x8 build/stm32f4xx_it.o
                0x080006ec                SysTick_Handler
 .text.EXTI0_IRQHandler
                0x080006f4        0xa build/stm32f4xx_it.o
                0x080006f4                EXTI0_IRQHandler
 .text.EXTI4_IRQHandler
                0x080006fe        0xa build/stm32f4xx_it.o
                0x080006fe                EXTI4_IRQHandler
 .text.HAL_MspInit
                0x08000708       0x38 build/stm32f4xx_hal_msp.o
                0x08000708                HAL_MspInit
 .text.HAL_UART_MspInit
                0x08000740       0x70 build/stm32f4xx_hal_msp.o
                0x08000740                HAL_UART_MspInit
 .text.UART_SetConfig
                0x080007b0      0x110 build/stm32f4xx_hal_uart.o
 .text.HAL_UART_Init
                0x080008c0       0x60 build/stm32f4xx_hal_uart.o
                0x080008c0                HAL_UART_Init
 .text.HAL_RCC_OscConfig
                0x08000920      0x3fc build/stm32f4xx_hal_rcc.o
                0x08000920                HAL_RCC_OscConfig
 .text.HAL_RCC_GetSysClockFreq
                0x08000d1c       0xa8 build/stm32f4xx_hal_rcc.o
                0x08000d1c                HAL_RCC_GetSysClockFreq
 .text.HAL_RCC_ClockConfig
                0x08000dc4      0x160 build/stm32f4xx_hal_rcc.o
                0x08000dc4                HAL_RCC_ClockConfig
 .text.HAL_RCC_GetHCLKFreq
                0x08000f24        0xc build/stm32f4xx_hal_rcc.o
                0x08000f24                HAL_RCC_GetHCLKFreq
 .text.HAL_RCC_GetPCLK1Freq
                0x08000f30       0x20 build/stm32f4xx_hal_rcc.o
                0x08000f30                HAL_RCC_GetPCLK1Freq
 .text.HAL_RCC_GetPCLK2Freq
                0x08000f50       0x20 build/stm32f4xx_hal_rcc.o
                0x08000f50                HAL_RCC_GetPCLK2Freq
 .text.HAL_GPIO_Init
                0x08000f70      0x208 build/stm32f4xx_hal_gpio.o
                0x08000f70                HAL_GPIO_Init
 .text.HAL_GPIO_WritePin
                0x08001178        0xc build/stm32f4xx_hal_gpio.o
                0x08001178                HAL_GPIO_WritePin
 .text.HAL_GPIO_EXTI_IRQHandler
                0x08001184       0x1c build/stm32f4xx_hal_gpio.o
                0x08001184                HAL_GPIO_EXTI_IRQHandler
 .text.__NVIC_EnableIRQ
                0x080011a0       0x1c build/stm32f4xx_hal_cortex.o
 .text.__NVIC_SetPriority
                0x080011bc       0x28 build/stm32f4xx_hal_cortex.o
 .text.NVIC_EncodePriority
                0x080011e4       0x46 build/stm32f4xx_hal_cortex.o
 *fill*         0x0800122a        0x2 
 .text.HAL_NVIC_SetPriorityGrouping
                0x0800122c       0x24 build/stm32f4xx_hal_cortex.o
                0x0800122c                HAL_NVIC_SetPriorityGrouping
 .text.HAL_NVIC_SetPriority
                0x08001250       0x20 build/stm32f4xx_hal_cortex.o
                0x08001250                HAL_NVIC_SetPriority
 .text.HAL_NVIC_EnableIRQ
                0x08001270        0x8 build/stm32f4xx_hal_cortex.o
                0x08001270                HAL_NVIC_EnableIRQ
 .text.HAL_SYSTICK_Config
                0x08001278       0x28 build/stm32f4xx_hal_cortex.o
                0x08001278                HAL_SYSTICK_Config
 .text.HAL_InitTick
                0x080012a0       0x4c build/stm32f4xx_hal.o
                0x080012a0                HAL_InitTick
 .text.HAL_Init
                0x080012ec       0x34 build/stm32f4xx_hal.o
                0x080012ec                HAL_Init
 .text.HAL_IncTick
                0x08001320       0x18 build/stm32f4xx_hal.o
                0x08001320                HAL_IncTick
 .text.HAL_GetTick
                0x08001338        0xc build/stm32f4xx_hal.o
                0x08001338                HAL_GetTick
 .text.SystemInit
                0x08001344       0x14 build/system_stm32f4xx.o
                0x08001344                SystemInit
 .text._sbrk    0x08001358       0x4c build/sysmem.o
                0x08001358                _sbrk
 .text._read    0x080013a4       0x20 build/syscalls.o
                0x080013a4                _read
 .text._write   0x080013c4       0x1c build/syscalls.o
                0x080013c4                _write
 .text._close   0x080013e0        0x6 build/syscalls.o
                0x080013e0                _close
 .text._fstat   0x080013e6        0xa build/syscalls.o
                0x080013e6                _fstat
 .text._isatty  0x080013f0        0x4 build/syscalls.o
                0x080013f0                _isatty
 .text._lseek   0x080013f4        0x4 build/syscalls.o
                0x080013f4                _lseek
 .text.Reset_Handler
                0x080013f8       0x50 build/startup_stm32f407xx.o
                0x080013f8                Reset_Handler
 .text.Default_Handler
                0x08001448        0x2 build/startup_stm32f407xx.o
                0x08001448                RTC_Alarm_IRQHandler
                0x08001448                HASH_RNG_IRQHandler
                0x08001448                EXTI2_IRQHandler
                0x08001448                TIM8_CC_IRQHandler
                0x08001448                TIM1_CC_IRQHandler
                0x08001448                DMA2_Stream5_IRQHandler
                0x08001448                DMA1_Stream5_IRQHandler
                0x08001448                PVD_IRQHandler
                0x08001448                SDIO_IRQHandler
                0x08001448                TAMP_STAMP_IRQHandler
                0x08001448                CAN2_RX1_IRQHandler
                0x08001448                EXTI3_IRQHandler
                0x08001448                TIM8_TRG_COM_TIM14_IRQHandler
                0x08001448                TIM1_UP_TIM10_IRQHandler
                0x08001448                TIM8_UP_TIM13_IRQHandler
                0x08001448                I2C3_ER_IRQHandler
                0x08001448                I2C2_EV_IRQHandler
                0x08001448                DMA1_Stream2_IRQHandler
                0x08001448                CAN1_RX0_IRQHandler
                0x08001448                FPU_IRQHandler
                0x08001448                OTG_HS_WKUP_IRQHandler
                0x08001448                CAN2_SCE_IRQHandler
                0x08001448                DMA2_Stream2_IRQHandler
                0x08001448                SPI1_IRQHandler
                0x08001448                TIM6_DAC_IRQHandler
                0x08001448                TIM1_BRK_TIM9_IRQHandler
                0x08001448                DCMI_IRQHandler
                0x08001448                CAN2_RX0_IRQHandler
                0x08001448                DMA2_Stream3_IRQHandler
                0x08001448                USART6_IRQHandler
                0x08001448                USART3_IRQHandler
                0x08001448                CAN1_RX1_IRQHandler
                0x08001448                UART5_IRQHandler
                0x08001448                DMA2_Stream0_IRQHandler
                0x08001448                TIM4_IRQHandler
                0x08001448                I2C1_EV_IRQHandler
                0x08001448                DMA1_Stream6_IRQHandler
                0x08001448                DMA1_Stream1_IRQHandler
                0x08001448                UART4_IRQHandler
                0x08001448                TIM3_IRQHandler
                0x08001448                RCC_IRQHandler
                0x08001448                TIM8_BRK_TIM12_IRQHandler
                0x08001448                Default_Handler
                0x08001448                EXTI15_10_IRQHandler
                0x08001448                ADC_IRQHandler
                0x08001448                DMA1_Stream7_IRQHandler
                0x08001448                TIM7_IRQHandler
                0x08001448                CAN2_TX_IRQHandler
                0x08001448                TIM5_IRQHandler
                0x08001448                DMA2_Stream7_IRQHandler
                0x08001448                I2C3_EV_IRQHandler
                0x08001448                EXTI9_5_IRQHandler
                0x08001448                RTC_WKUP_IRQHandler
                0x08001448                ETH_WKUP_IRQHandler
                0x08001448                SPI2_IRQHandler
                0x08001448                OTG_HS_EP1_IN_IRQHandler
                0x08001448                DMA1_Stream0_IRQHandler
                0x08001448                CAN1_TX_IRQHandler
                0x08001448                FSMC_IRQHandler
                0x08001448                ETH_IRQHandler
                0x08001448                OTG_HS_EP1_OUT_IRQHandler
                0x08001448                WWDG_IRQHandler
                0x08001448                TIM2_IRQHandler
                0x08001448                OTG_FS_WKUP_IRQHandler
                0x08001448                TIM1_TRG_COM_TIM11_IRQHandler
                0x08001448                OTG_HS_IRQHandler
                0x08001448                EXTI1_IRQHandler
                0x08001448                USART2_IRQHandler
                0x08001448                I2C2_ER_IRQHandler
                0x08001448                DMA2_Stream1_IRQHandler
                0x08001448                CAN1_SCE_IRQHandler
                0x08001448                FLASH_IRQHandler
                0x08001448                DMA2_Stream4_IRQHandler
                0x08001448                USART1_IRQHandler
                0x08001448                OTG_FS_IRQHandler
                0x08001448                SPI3_IRQHandler
                0x08001448                DMA1_Stream4_IRQHandler
                0x08001448                I2C1_ER_IRQHandler
                0x08001448                DMA2_Stream6_IRQHandler
                0x08001448                DMA1_Stream3_IRQHandler
 *fill*         0x0800144a        0x2 
 .text.std      0x0800144c       0x6c C:/Users/Liuzq/.eide/tools/gcc_arm/bin/../lib/gcc/arm-none-eabi/15.2.1/../../../../arm-none-eabi/lib/thumb/v7e-m+fp/hard\libc_nano.a(libc_a-findfp.o)
 .text.stdio_exit_handler
                0x080014b8       0x18 C:/Users/Liuzq/.eide/tools/gcc_arm/bin/../lib/gcc/arm-none-eabi/15.2.1/../../../../arm-none-eabi/lib/thumb/v7e-m+fp/hard\libc_nano.a(libc_a-findfp.o)
 .text.cleanup_stdio
                0x080014d0       0x40 C:/Users/Liuzq/.eide/tools/gcc_arm/bin/../lib/gcc/arm-none-eabi/15.2.1/../../../../arm-none-eabi/lib/thumb/v7e-m+fp/hard\libc_nano.a(libc_a-findfp.o)
 .text.global_stdio_init.part.0
                0x08001510       0x40 C:/Users/Liuzq/.eide/tools/gcc_arm/bin/../lib/gcc/arm-none-eabi/15.2.1/../../../../arm-none-eabi/lib/thumb/v7e-m+fp/hard\libc_nano.a(libc_a-findfp.o)
 .text.__sfp_lock_acquire
                0x08001550        0xc C:/Users/Liuzq/.eide/tools/gcc_arm/bin/../lib/gcc/arm-none-eabi/15.2.1/../../../../arm-none-eabi/lib/thumb/v7e-m+fp/hard\libc_nano.a(libc_a-findfp.o)
                0x08001550                __sfp_lock_acquire
 .text.__sfp_lock_release
                0x0800155c        0xc C:/Users/Liuzq/.eide/tools/gcc_arm/bin/../lib/gcc/arm-none-eabi/15.2.1/../../../../arm-none-eabi/lib/thumb/v7e-m+fp/hard\libc_nano.a(libc_a-findfp.o)
                0x0800155c                __sfp_lock_release
 .text.__sinit  0x08001568       0x30 C:/Users/Liuzq/.eide/tools/gcc_arm/bin/../lib/gcc/arm-none-eabi/15.2.1/../../../../arm-none-eabi/lib/thumb/v7e-m+fp/hard\libc_nano.a(libc_a-findfp.o)
                0x08001568                __sinit
 .text._fwalk_sglue
                0x08001598       0x3a C:/Users/Liuzq/.eide/tools/gcc_arm/bin/../lib/gcc/arm-none-eabi/15.2.1/../../../../arm-none-eabi/lib/thumb/v7e-m+fp/hard\libc_nano.a(libc_a-fwalk.o)
                0x08001598                _fwalk_sglue
 *fill*         0x080015d2        0x2 
 .text.printf   0x080015d4       0x24 C:/Users/Liuzq/.eide/tools/gcc_arm/bin/../lib/gcc/arm-none-eabi/15.2.1/../../../../arm-none-eabi/lib/thumb/v7e-m+fp/hard\libc_nano.a(libc_a-printf.o)
                0x080015d4                iprintf
                0x080015d4                printf
 .text._puts_r  0x080015f8       0xaa C:/Users/Liuzq/.eide/tools/gcc_arm/bin/../lib/gcc/arm-none-eabi/15.2.1/../../../../arm-none-eabi/lib/thumb/v7e-m+fp/hard\libc_nano.a(libc_a-puts.o)
                0x080015f8                _puts_r
 *fill*         0x080016a2        0x2 
 .text.puts     0x080016a4       0x10 C:/Users/Liuzq/.eide/tools/gcc_arm/bin/../lib/gcc/arm-none-eabi/15.2.1/../../../../arm-none-eabi/lib/thumb/v7e-m+fp/hard\libc_nano.a(libc_a-puts.o)
                0x080016a4                puts
 .text.__sread  0x080016b4       0x22 C:/Users/Liuzq/.eide/tools/gcc_arm/bin/../lib/gcc/arm-none-eabi/15.2.1/../../../../arm-none-eabi/lib/thumb/v7e-m+fp/hard\libc_nano.a(libc_a-stdio.o)
                0x080016b4                __sread
 .text.__swrite
                0x080016d6       0x38 C:/Users/Liuzq/.eide/tools/gcc_arm/bin/../lib/gcc/arm-none-eabi/15.2.1/../../../../arm-none-eabi/lib/thumb/v7e-m+fp/hard\libc_nano.a(libc_a-stdio.o)
                0x080016d6                __swrite
 .text.__sseek  0x0800170e       0x26 C:/Users/Liuzq/.eide/tools/gcc_arm/bin/../lib/gcc/arm-none-eabi/15.2.1/../../../../arm-none-eabi/lib/thumb/v7e-m+fp/hard\libc_nano.a(libc_a-stdio.o)
                0x0800170e                __sseek
 .text.__sclose
                0x08001734        0x8 C:/Users/Liuzq/.eide/tools/gcc_arm/bin/../lib/gcc/arm-none-eabi/15.2.1/../../../../arm-none-eabi/lib/thumb/v7e-m+fp/hard\libc_nano.a(libc_a-stdio.o)
                0x08001734                __sclose
 .text.__swbuf_r
                0x0800173c       0x7a C:/Users/Liuzq/.eide/tools/gcc_arm/bin/../lib/gcc/arm-none-eabi/15.2.1/../../../../arm-none-eabi/lib/thumb/v7e-m+fp/hard\libc_nano.a(libc_a-wbuf.o)
                0x0800173c                __swbuf_r
 *fill*         0x080017b6        0x2 
 .text.__swsetup_r
                0x080017b8       0xa8 C:/Users/Liuzq/.eide/tools/gcc_arm/bin/../lib/gcc/arm-none-eabi/15.2.1/../../../../arm-none-eabi/lib/thumb/v7e-m+fp/hard\libc_nano.a(libc_a-wsetup.o)
                0x080017b8                __swsetup_r
 .text.memset   0x08001860       0x10 C:/Users/Liuzq/.eide/tools/gcc_arm/bin/../lib/gcc/arm-none-eabi/15.2.1/../../../../arm-none-eabi/lib/thumb/v7e-m+fp/hard\libc_nano.a(libc_a-memset.o)
                0x08001860                memset
 .text._close_r
                0x08001870       0x20 C:/Users/Liuzq/.eide/tools/gcc_arm/bin/../lib/gcc/arm-none-eabi/15.2.1/../../../../arm-none-eabi/lib/thumb/v7e-m+fp/hard\libc_nano.a(libc_a-closer.o)
                0x08001870                _close_r
 .text._lseek_r
                0x08001890       0x24 C:/Users/Liuzq/.eide/tools/gcc_arm/bin/../lib/gcc/arm-none-eabi/15.2.1/../../../../arm-none-eabi/lib/thumb/v7e-m+fp/hard\libc_nano.a(libc_a-lseekr.o)
                0x08001890                _lseek_r
 .text._read_r  0x080018b4       0x24 C:/Users/Liuzq/.eide/tools/gcc_arm/bin/../lib/gcc/arm-none-eabi/15.2.1/../../../../arm-none-eabi/lib/thumb/v7e-m+fp/hard\libc_nano.a(libc_a-readr.o)
                0x080018b4                _read_r
 .text._write_r
                0x080018d8       0x24 C:/Users/Liuzq/.eide/tools/gcc_arm/bin/../lib/gcc/arm-none-eabi/15.2.1/../../../../arm-none-eabi/lib/thumb/v7e-m+fp/hard\libc_nano.a(libc_a-writer.o)
                0x080018d8                _write_r
 .text.__errno  0x080018fc        0xc C:/Users/Liuzq/.eide/tools/gcc_arm/bin/../lib/gcc/arm-none-eabi/15.2.1/../../../../arm-none-eabi/lib/thumb/v7e-m+fp/hard\libc_nano.a(libc_a-errno.o)
                0x080018fc                __errno
 .text.__libc_init_array
                0x08001908       0x48 C:/Users/Liuzq/.eide/tools/gcc_arm/bin/../lib/gcc/arm-none-eabi/15.2.1/../../../../arm-none-eabi/lib/thumb/v7e-m+fp/hard\libc_nano.a(libc_a-init.o)
                0x08001908                __libc_init_array
 .text.__retarget_lock_init_recursive
                0x08001950        0x2 C:/Users/Liuzq/.eide/tools/gcc_arm/bin/../lib/gcc/arm-none-eabi/15.2.1/../../../../arm-none-eabi/lib/thumb/v7e-m+fp/hard\libc_nano.a(libc_a-lock.o)
                0x08001950                __retarget_lock_init_recursive
 .text.__retarget_lock_acquire_recursive
                0x08001952        0x2 C:/Users/Liuzq/.eide/tools/gcc_arm/bin/../lib/gcc/arm-none-eabi/15.2.1/../../../../arm-none-eabi/lib/thumb/v7e-m+fp/hard\libc_nano.a(libc_a-lock.o)
                0x08001952                __retarget_lock_acquire_recursive
 .text.__retarget_lock_release_recursive
                0x08001954        0x2 C:/Users/Liuzq/.eide/tools/gcc_arm/bin/../lib/gcc/arm-none-eabi/15.2.1/../../../../arm-none-eabi/lib/thumb/v7e-m+fp/hard\libc_nano.a(libc_a-lock.o)
                0x08001954                __retarget_lock_release_recursive
 *fill*         0x08001956        0x2 
 .text._free_r  0x08001958       0x98 C:/Users/Liuzq/.eide/tools/gcc_arm/bin/../lib/gcc/arm-none-eabi/15.2.1/../../../../arm-none-eabi/lib/thumb/v7e-m+fp/hard\libc_nano.a(libc_a-freer.o)
                0x08001958                _free_r
 .text.sbrk_aligned
                0x080019f0       0x44 C:/Users/Liuzq/.eide/tools/gcc_arm/bin/../lib/gcc/arm-none-eabi/15.2.1/../../../../arm-none-eabi/lib/thumb/v7e-m+fp/hard\libc_nano.a(libc_a-mallocr.o)
 .text._malloc_r
                0x08001a34       0xf8 C:/Users/Liuzq/.eide/tools/gcc_arm/bin/../lib/gcc/arm-none-eabi/15.2.1/../../../../arm-none-eabi/lib/thumb/v7e-m+fp/hard\libc_nano.a(libc_a-mallocr.o)
                0x08001a34                _malloc_r
 .text.__malloc_lock
                0x08001b2c        0xc C:/Users/Liuzq/.eide/tools/gcc_arm/bin/../lib/gcc/arm-none-eabi/15.2.1/../../../../arm-none-eabi/lib/thumb/v7e-m+fp/hard\libc_nano.a(libc_a-mlock.o)
                0x08001b2c                __malloc_lock
 .text.__malloc_unlock
                0x08001b38        0xc C:/Users/Liuzq/.eide/tools/gcc_arm/bin/../lib/gcc/arm-none-eabi/15.2.1/../../../../arm-none-eabi/lib/thumb/v7e-m+fp/hard\libc_nano.a(libc_a-mlock.o)
                0x08001b38                __malloc_unlock
 .text.__sfputc_r
                0x08001b44       0x2a C:/Users/Liuzq/.eide/tools/gcc_arm/bin/../lib/gcc/arm-none-eabi/15.2.1/../../../../arm-none-eabi/lib/thumb/v7e-m+fp/hard\libc_nano.a(libc_a-nano-vfprintf.o)
 .text.__sfputs_r
                0x08001b6e       0x24 C:/Users/Liuzq/.eide/tools/gcc_arm/bin/../lib/gcc/arm-none-eabi/15.2.1/../../../../arm-none-eabi/lib/thumb/v7e-m+fp/hard\libc_nano.a(libc_a-nano-vfprintf.o)
                0x08001b6e                __sfputs_r
 *fill*         0x08001b92        0x2 
 .text._vfprintf_r
                0x08001b94      0x228 C:/Users/Liuzq/.eide/tools/gcc_arm/bin/../lib/gcc/arm-none-eabi/15.2.1/../../../../arm-none-eabi/lib/thumb/v7e-m+fp/hard\libc_nano.a(libc_a-nano-vfprintf.o)
                0x08001b94                _vfprintf_r
                0x08001b94                _vfiprintf_r
 .text._printf_common
                0x08001dbc       0xea C:/Users/Liuzq/.eide/tools/gcc_arm/bin/../lib/gcc/arm-none-eabi/15.2.1/../../../../arm-none-eabi/lib/thumb/v7e-m+fp/hard\libc_nano.a(libc_a-nano-vfprintf_i.o)
                0x08001dbc                _printf_common
 *fill*         0x08001ea6        0x2 
 .text._printf_i
                0x08001ea8      0x254 C:/Users/Liuzq/.eide/tools/gcc_arm/bin/../lib/gcc/arm-none-eabi/15.2.1/../../../../arm-none-eabi/lib/thumb/v7e-m+fp/hard\libc_nano.a(libc_a-nano-vfprintf_i.o)
                0x08001ea8                _printf_i
 .text.__sflush_r
                0x080020fc      0x100 C:/Users/Liuzq/.eide/tools/gcc_arm/bin/../lib/gcc/arm-none-eabi/15.2.1/../../../../arm-none-eabi/lib/thumb/v7e-m+fp/hard\libc_nano.a(libc_a-fflush.o)
                0x080020fc                __sflush_r
 .text._fflush_r
                0x080021fc       0x50 C:/Users/Liuzq/.eide/tools/gcc_arm/bin/../lib/gcc/arm-none-eabi/15.2.1/../../../../arm-none-eabi/lib/thumb/v7e-m+fp/hard\libc_nano.a(libc_a-fflush.o)
                0x080021fc                _fflush_r
 .text.__swhatbuf_r
                0x0800224c       0x48 C:/Users/Liuzq/.eide/tools/gcc_arm/bin/../lib/gcc/arm-none-eabi/15.2.1/../../../../arm-none-eabi/lib/thumb/v7e-m+fp/hard\libc_nano.a(libc_a-makebuf.o)
                0x0800224c                __swhatbuf_r
 .text.__smakebuf_r
                0x08002294       0x72 C:/Users/Liuzq/.eide/tools/gcc_arm/bin/../lib/gcc/arm-none-eabi/15.2.1/../../../../arm-none-eabi/lib/thumb/v7e-m+fp/hard\libc_nano.a(libc_a-makebuf.o)
                0x08002294                __smakebuf_r
 *fill*         0x08002306        0x2 
 .text._fstat_r
                0x08002308       0x24 C:/Users/Liuzq/.eide/tools/gcc_arm/bin/../lib/gcc/arm-none-eabi/15.2.1/../../../../arm-none-eabi/lib/thumb/v7e-m+fp/hard\libc_nano.a(libc_a-fstatr.o)
                0x08002308                _fstat_r
 .text._isatty_r
                0x0800232c       0x20 C:/Users/Liuzq/.eide/tools/gcc_arm/bin/../lib/gcc/arm-none-eabi/15.2.1/../../../../arm-none-eabi/lib/thumb/v7e-m+fp/hard\libc_nano.a(libc_a-isattyr.o)
                0x0800232c                _isatty_r
 .text._sbrk_r  0x0800234c       0x20 C:/Users/Liuzq/.eide/tools/gcc_arm/bin/../lib/gcc/arm-none-eabi/15.2.1/../../../../arm-none-eabi/lib/thumb/v7e-m+fp/hard\libc_nano.a(libc_a-sbrkr.o)
                0x0800234c                _sbrk_r
 .text.__udivmoddi4
                0x0800236c      0x320 C:/Users/Liuzq/.eide/tools/gcc_arm/bin/../lib/gcc/arm-none-eabi/15.2.1/thumb/v7e-m+fp/hard\libgcc.a(_udivmoddi4.o)
                0x0800236c                __udivmoddi4
 *(.glue_7)
 .glue_7        0x0800268c        0x0 linker stubs
 *(.glue_7t)
 .glue_7t       0x0800268c        0x0 linker stubs
 *(.eh_frame)
 .eh_frame      0x0800268c        0x0 C:/Users/Liuzq/.eide/tools/gcc_arm/bin/../lib/gcc/arm-none-eabi/15.2.1/thumb/v7e-m+fp/hard/crtbegin.o
 *(.init)
 .init          0x0800268c        0x4 C:/Users/Liuzq/.eide/tools/gcc_arm/bin/../lib/gcc/arm-none-eabi/15.2.1/thumb/v7e-m+fp/hard/crti.o
                0x0800268c                _init
 .init          0x08002690        0x8 C:/Users/Liuzq/.eide/tools/gcc_arm/bin/../lib/gcc/arm-none-eabi/15.2.1/thumb/v7e-m+fp/hard/crtn.o
 *(.fini)
 .fini          0x08002698        0x4 C:/Users/Liuzq/.eide/tools/gcc_arm/bin/../lib/gcc/arm-none-eabi/15.2.1/thumb/v7e-m+fp/hard/crti.o
                0x08002698                _fini
 .fini          0x0800269c        0x8 C:/Users/Liuzq/.eide/tools/gcc_arm/bin/../lib/gcc/arm-none-eabi/15.2.1/thumb/v7e-m+fp/hard/crtn.o
                0x080026a4                        . = ALIGN (0x4)
                0x080026a4                        _etext = .

.vfp11_veneer   0x080026a4        0x0
 .vfp11_veneer  0x080026a4        0x0 linker stubs

.v4_bx          0x080026a4        0x0
 .v4_bx         0x080026a4        0x0 linker stubs

.iplt           0x080026a4        0x0
 .iplt          0x080026a4        0x0 C:/Users/Liuzq/.eide/tools/gcc_arm/bin/../lib/gcc/arm-none-eabi/15.2.1/thumb/v7e-m+fp/hard/crtbegin.o

.rodata         0x080026a4      0x12c
                0x080026a4                        . = ALIGN (0x4)
 *(.rodata)
 *(.rodata*)
 .rodata.LED_PrintMode.str1.4
                0x080026a4       0xdf build/main.o
                                 0x13 (size before relaxing)
 .rodata.LED_ToggleHazard.str1.4
                0x08002783        0x0 build/main.o
                                 0x59 (size before relaxing)
 .rodata.main.str1.4
                0x08002783        0x0 build/main.o
                                 0x4f (size before relaxing)
 .rodata.str1.4
                0x08002783        0x0 build/main.o
                                 0x1f (size before relaxing)
 *fill*         0x08002783        0x1 
 .rodata.APBPrescTable
                0x08002784        0x8 build/system_stm32f4xx.o
                0x08002784                APBPrescTable
 .rodata.AHBPrescTable
                0x0800278c       0x10 build/system_stm32f4xx.o
                0x0800278c                AHBPrescTable
 .rodata._vfprintf_r.str1.1
                0x0800279c       0x33 C:/Users/Liuzq/.eide/tools/gcc_arm/bin/../lib/gcc/arm-none-eabi/15.2.1/../../../../arm-none-eabi/lib/thumb/v7e-m+fp/hard\libc_nano.a(libc_a-nano-vfprintf.o)
                                 0x11 (size before relaxing)
 .rodata._printf_i.str1.1
                0x080027cf        0x0 C:/Users/Liuzq/.eide/tools/gcc_arm/bin/../lib/gcc/arm-none-eabi/15.2.1/../../../../arm-none-eabi/lib/thumb/v7e-m+fp/hard\libc_nano.a(libc_a-nano-vfprintf_i.o)
                                 0x22 (size before relaxing)
                0x080027d0                        . = ALIGN (0x4)
 *fill*         0x080027cf        0x1 

.ARM.extab      0x080027d0        0x0
                0x080027d0                        . = ALIGN (0x4)
 *(.ARM.extab* .gnu.linkonce.armextab.*)
                0x080027d0                        . = ALIGN (0x4)

.ARM            0x080027d0        0x8
                0x080027d0                        . = ALIGN (0x4)
                0x080027d0                        __exidx_start = .
 *(.ARM.exidx*)
 .ARM.exidx     0x080027d0        0x8 C:/Users/Liuzq/.eide/tools/gcc_arm/bin/../lib/gcc/arm-none-eabi/15.2.1/../../../../arm-none-eabi/lib/thumb/v7e-m+fp/hard\libc_nano.a(libc_a-memchr.o)
 .ARM.exidx.text.__udivmoddi4
                0x080027d8        0x0 C:/Users/Liuzq/.eide/tools/gcc_arm/bin/../lib/gcc/arm-none-eabi/15.2.1/thumb/v7e-m+fp/hard\libgcc.a(_udivmoddi4.o)
                                  0x8 (size before relaxing)
                0x080027d8                        __exidx_end = .
                0x080027d8                        . = ALIGN (0x4)

.preinit_array  0x080027d8        0x0
                0x080027d8                        . = ALIGN (0x4)
                0x080027d8                        PROVIDE (__preinit_array_start = .)
 *(.preinit_array*)
                0x080027d8                        PROVIDE (__preinit_array_end = .)
                0x080027d8                        . = ALIGN (0x4)

.init_array     0x080027d8        0x4
                0x080027d8                        . = ALIGN (0x4)
                0x080027d8                        PROVIDE (__init_array_start = .)
 *(SORT_BY_NAME(.init_array.*))
 *(.init_array*)
 .init_array    0x080027d8        0x4 C:/Users/Liuzq/.eide/tools/gcc_arm/bin/../lib/gcc/arm-none-eabi/15.2.1/thumb/v7e-m+fp/hard/crtbegin.o
                0x080027dc                        PROVIDE (__init_array_end = .)
                0x080027dc                        . = ALIGN (0x4)

.fini_array     0x080027dc        0x4
                0x080027dc                        . = ALIGN (0x4)
                [!provide]                        PROVIDE (__fini_array_start = .)
 *(SORT_BY_NAME(.fini_array.*))
 *(.fini_array*)
 .fini_array    0x080027dc        0x4 C:/Users/Liuzq/.eide/tools/gcc_arm/bin/../lib/gcc/arm-none-eabi/15.2.1/thumb/v7e-m+fp/hard/crtbegin.o
                [!provide]                        PROVIDE (__fini_array_end = .)
                0x080027e0                        . = ALIGN (0x4)
                0x080027e0                        _sidata = LOADADDR (.data)

.rel.dyn        0x080027e0        0x0
 .rel.iplt      0x080027e0        0x0 C:/Users/Liuzq/.eide/tools/gcc_arm/bin/../lib/gcc/arm-none-eabi/15.2.1/thumb/v7e-m+fp/hard/crtbegin.o

.data           0x20000000       0x78 load address 0x080027e0
                0x20000000                        . = ALIGN (0x4)
                0x20000000                        _sdata = .
 *(.data)
 *(.data*)
 .data.mode_names
                0x20000000       0x10 build/main.o
                0x20000000                mode_names
 .data.uwTickFreq
                0x20000010        0x1 build/stm32f4xx_hal.o
                0x20000010                uwTickFreq
 *fill*         0x20000011        0x3 
 .data.uwTickPrio
                0x20000014        0x4 build/stm32f4xx_hal.o
                0x20000014                uwTickPrio
 .data.SystemCoreClock
                0x20000018        0x4 build/system_stm32f4xx.o
                0x20000018                SystemCoreClock
 .data.__sglue  0x2000001c        0xc C:/Users/Liuzq/.eide/tools/gcc_arm/bin/../lib/gcc/arm-none-eabi/15.2.1/../../../../arm-none-eabi/lib/thumb/v7e-m+fp/hard\libc_nano.a(libc_a-findfp.o)
                0x2000001c                __sglue
 .data._impure_ptr
                0x20000028        0x4 C:/Users/Liuzq/.eide/tools/gcc_arm/bin/../lib/gcc/arm-none-eabi/15.2.1/../../../../arm-none-eabi/lib/thumb/v7e-m+fp/hard\libc_nano.a(libc_a-impure.o)
                0x20000028                _impure_ptr
 .data._impure_data
                0x2000002c       0x4c C:/Users/Liuzq/.eide/tools/gcc_arm/bin/../lib/gcc/arm-none-eabi/15.2.1/../../../../arm-none-eabi/lib/thumb/v7e-m+fp/hard\libc_nano.a(libc_a-impure.o)
                0x2000002c                _impure_data
 *(.RamFunc)
 *(.RamFunc*)
                0x20000078                        . = ALIGN (0x4)
                0x20000078                        _edata = .
                0x08002858                        _siccmram = LOADADDR (.ccmram)

.tm_clone_table
                0x20000078        0x0 load address 0x08002858
 .tm_clone_table
                0x20000078        0x0 C:/Users/Liuzq/.eide/tools/gcc_arm/bin/../lib/gcc/arm-none-eabi/15.2.1/thumb/v7e-m+fp/hard/crtbegin.o
 .tm_clone_table
                0x20000078        0x0 C:/Users/Liuzq/.eide/tools/gcc_arm/bin/../lib/gcc/arm-none-eabi/15.2.1/thumb/v7e-m+fp/hard/crtend.o

.igot.plt       0x20000078        0x0 load address 0x08002858
 .igot.plt      0x20000078        0x0 C:/Users/Liuzq/.eide/tools/gcc_arm/bin/../lib/gcc/arm-none-eabi/15.2.1/thumb/v7e-m+fp/hard/crtbegin.o

.ccmram         0x10000000        0x0 load address 0x08002858
                0x10000000                        . = ALIGN (0x4)
                0x10000000                        _sccmram = .
 *(.ccmram)
 *(.ccmram*)
                0x10000000                        . = ALIGN (0x4)
                0x10000000                        _eccmram = .
                0x10000000                        . = ALIGN (0x4)

.bss            0x20000078      0x1dc
                0x20000078                        _sbss = .
                0x20000078                        __bss_start__ = _sbss
 *(.bss)
 *(.bss*)
 .bss.completed.1
                0x20000078        0x1 C:/Users/Liuzq/.eide/tools/gcc_arm/bin/../lib/gcc/arm-none-eabi/15.2.1/thumb/v7e-m+fp/hard/crtbegin.o
 *fill*         0x20000079        0x3 
 .bss.object.0  0x2000007c       0x18 C:/Users/Liuzq/.eide/tools/gcc_arm/bin/../lib/gcc/arm-none-eabi/15.2.1/thumb/v7e-m+fp/hard/crtbegin.o
 .bss.last_keyup_time.0
                0x20000094        0x4 build/main.o
 .bss.last_key0_time.1
                0x20000098        0x4 build/main.o
 .bss.last_tick.2
                0x2000009c       0x10 build/main.o
 .bss.led_system
                0x200000ac        0xc build/main.o
                0x200000ac                led_system
 .bss.huart1    0x200000b8       0x48 build/main.o
                0x200000b8                huart1
 .bss.uwTick    0x20000100        0x4 build/stm32f4xx_hal.o
                0x20000100                uwTick
 .bss.__sbrk_heap_end
                0x20000104        0x4 build/sysmem.o
 .bss.__sf      0x20000108      0x138 C:/Users/Liuzq/.eide/tools/gcc_arm/bin/../lib/gcc/arm-none-eabi/15.2.1/../../../../arm-none-eabi/lib/thumb/v7e-m+fp/hard\libc_nano.a(libc_a-findfp.o)
                0x20000108                __sf
 .bss.__stdio_exit_handler
                0x20000240        0x4 C:/Users/Liuzq/.eide/tools/gcc_arm/bin/../lib/gcc/arm-none-eabi/15.2.1/../../../../arm-none-eabi/lib/thumb/v7e-m+fp/hard\libc_nano.a(libc_a-findfp.o)
                0x20000240                __stdio_exit_handler
 .bss.errno     0x20000244        0x4 C:/Users/Liuzq/.eide/tools/gcc_arm/bin/../lib/gcc/arm-none-eabi/15.2.1/../../../../arm-none-eabi/lib/thumb/v7e-m+fp/hard\libc_nano.a(libc_a-reent.o)
                0x20000244                errno
 .bss.__lock___malloc_recursive_mutex
                0x20000248        0x1 C:/Users/Liuzq/.eide/tools/gcc_arm/bin/../lib/gcc/arm-none-eabi/15.2.1/../../../../arm-none-eabi/lib/thumb/v7e-m+fp/hard\libc_nano.a(libc_a-lock.o)
                0x20000248                __lock___malloc_recursive_mutex
 .bss.__lock___sfp_recursive_mutex
                0x20000249        0x1 C:/Users/Liuzq/.eide/tools/gcc_arm/bin/../lib/gcc/arm-none-eabi/15.2.1/../../../../arm-none-eabi/lib/thumb/v7e-m+fp/hard\libc_nano.a(libc_a-lock.o)
                0x20000249                __lock___sfp_recursive_mutex
 *fill*         0x2000024a        0x2 
 .bss.__malloc_sbrk_start
                0x2000024c        0x4 C:/Users/Liuzq/.eide/tools/gcc_arm/bin/../lib/gcc/arm-none-eabi/15.2.1/../../../../arm-none-eabi/lib/thumb/v7e-m+fp/hard\libc_nano.a(libc_a-mallocr.o)
                0x2000024c                __malloc_sbrk_start
 .bss.__malloc_free_list
                0x20000250        0x4 C:/Users/Liuzq/.eide/tools/gcc_arm/bin/../lib/gcc/arm-none-eabi/15.2.1/../../../../arm-none-eabi/lib/thumb/v7e-m+fp/hard\libc_nano.a(libc_a-mallocr.o)
                0x20000250                __malloc_free_list
 *(COMMON)
                0x20000254                        . = ALIGN (0x4)
                0x20000254                        _ebss = .
                0x20000254                        __bss_end__ = _ebss

._user_heap_stack
                0x20000254      0x604
                0x20000258                        . = ALIGN (0x8)
 *fill*         0x20000254        0x4 
                [!provide]                        PROVIDE (end = .)
                0x20000258                        PROVIDE (_end = .)
                0x20000458                        . = (. + _Min_Heap_Size)
 *fill*         0x20000258      0x200 
                0x20000858                        . = (. + _Min_Stack_Size)
 *fill*         0x20000458      0x400 
                0x20000858                        . = ALIGN (0x8)

/DISCARD/
 libc.a(*)
 libm.a(*)
 libgcc.a(*)
OUTPUT(build/cubemx.elf elf32-littlearm)
LOAD linker stubs
LOAD C:/Users/Liuzq/.eide/tools/gcc_arm/bin/../lib/gcc/arm-none-eabi/15.2.1/../../../../arm-none-eabi/lib/thumb/v7e-m+fp/hard\libc.a
LOAD C:/Users/Liuzq/.eide/tools/gcc_arm/bin/../lib/gcc/arm-none-eabi/15.2.1/../../../../arm-none-eabi/lib/thumb/v7e-m+fp/hard\libm.a
LOAD C:/Users/Liuzq/.eide/tools/gcc_arm/bin/../lib/gcc/arm-none-eabi/15.2.1/thumb/v7e-m+fp/hard\libgcc.a

.ARM.attributes
                0x00000000       0x30
 .ARM.attributes
                0x00000000       0x22 C:/Users/Liuzq/.eide/tools/gcc_arm/bin/../lib/gcc/arm-none-eabi/15.2.1/thumb/v7e-m+fp/hard/crti.o
 .ARM.attributes
                0x00000022       0x34 C:/Users/Liuzq/.eide/tools/gcc_arm/bin/../lib/gcc/arm-none-eabi/15.2.1/thumb/v7e-m+fp/hard/crtbegin.o
 .ARM.attributes
                0x00000056       0x34 build/main.o
 .ARM.attributes
                0x0000008a       0x34 build/stm32f4xx_it.o
 .ARM.attributes
                0x000000be       0x34 build/stm32f4xx_hal_msp.o
 .ARM.attributes
                0x000000f2       0x34 build/stm32f4xx_hal_uart.o
 .ARM.attributes
                0x00000126       0x34 build/stm32f4xx_hal_rcc.o
 .ARM.attributes
                0x0000015a       0x34 build/stm32f4xx_hal_gpio.o
 .ARM.attributes
                0x0000018e       0x34 build/stm32f4xx_hal_cortex.o
 .ARM.attributes
                0x000001c2       0x34 build/stm32f4xx_hal.o
 .ARM.attributes
                0x000001f6       0x34 build/system_stm32f4xx.o
 .ARM.attributes
                0x0000022a       0x34 build/sysmem.o
 .ARM.attributes
                0x0000025e       0x34 build/syscalls.o
 .ARM.attributes
                0x00000292       0x21 build/startup_stm32f407xx.o
 .ARM.attributes
                0x000002b3       0x34 C:/Users/Liuzq/.eide/tools/gcc_arm/bin/../lib/gcc/arm-none-eabi/15.2.1/../../../../arm-none-eabi/lib/thumb/v7e-m+fp/hard\libc_nano.a(libc_a-findfp.o)
 .ARM.attributes
                0x000002e7       0x34 C:/Users/Liuzq/.eide/tools/gcc_arm/bin/../lib/gcc/arm-none-eabi/15.2.1/../../../../arm-none-eabi/lib/thumb/v7e-m+fp/hard\libc_nano.a(libc_a-fwalk.o)
 .ARM.attributes
                0x0000031b       0x34 C:/Users/Liuzq/.eide/tools/gcc_arm/bin/../lib/gcc/arm-none-eabi/15.2.1/../../../../arm-none-eabi/lib/thumb/v7e-m+fp/hard\libc_nano.a(libc_a-printf.o)
 .ARM.attributes
                0x0000034f       0x34 C:/Users/Liuzq/.eide/tools/gcc_arm/bin/../lib/gcc/arm-none-eabi/15.2.1/../../../../arm-none-eabi/lib/thumb/v7e-m+fp/hard\libc_nano.a(libc_a-puts.o)
 .ARM.attributes
                0x00000383       0x34 C:/Users/Liuzq/.eide/tools/gcc_arm/bin/../lib/gcc/arm-none-eabi/15.2.1/../../../../arm-none-eabi/lib/thumb/v7e-m+fp/hard\libc_nano.a(libc_a-stdio.o)
 .ARM.attributes
                0x000003b7       0x34 C:/Users/Liuzq/.eide/tools/gcc_arm/bin/../lib/gcc/arm-none-eabi/15.2.1/../../../../arm-none-eabi/lib/thumb/v7e-m+fp/hard\libc_nano.a(libc_a-wbuf.o)
 .ARM.attributes
                0x000003eb       0x34 C:/Users/Liuzq/.eide/tools/gcc_arm/bin/../lib/gcc/arm-none-eabi/15.2.1/../../../../arm-none-eabi/lib/thumb/v7e-m+fp/hard\libc_nano.a(libc_a-wsetup.o)
 .ARM.attributes
                0x0000041f       0x34 C:/Users/Liuzq/.eide/tools/gcc_arm/bin/../lib/gcc/arm-none-eabi/15.2.1/../../../../arm-none-eabi/lib/thumb/v7e-m+fp/hard\libc_nano.a(libc_a-memset.o)
 .ARM.attributes
                0x00000453       0x34 C:/Users/Liuzq/.eide/tools/gcc_arm/bin/../lib/gcc/arm-none-eabi/15.2.1/../../../../arm-none-eabi/lib/thumb/v7e-m+fp/hard\libc_nano.a(libc_a-closer.o)
 .ARM.attributes
                0x00000487       0x34 C:/Users/Liuzq/.eide/tools/gcc_arm/bin/../lib/gcc/arm-none-eabi/15.2.1/../../../../arm-none-eabi/lib/thumb/v7e-m+fp/hard\libc_nano.a(libc_a-reent.o)
 .ARM.attributes
                0x000004bb       0x34 C:/Users/Liuzq/.eide/tools/gcc_arm/bin/../lib/gcc/arm-none-eabi/15.2.1/../../../../arm-none-eabi/lib/thumb/v7e-m+fp/hard\libc_nano.a(libc_a-impure.o)
 .ARM.attributes
                0x000004ef       0x34 C:/Users/Liuzq/.eide/tools/gcc_arm/bin/../lib/gcc/arm-none-eabi/15.2.1/../../../../arm-none-eabi/lib/thumb/v7e-m+fp/hard\libc_nano.a(libc_a-lseekr.o)
 .ARM.attributes
                0x00000523       0x34 C:/Users/Liuzq/.eide/tools/gcc_arm/bin/../lib/gcc/arm-none-eabi/15.2.1/../../../../arm-none-eabi/lib/thumb/v7e-m+fp/hard\libc_nano.a(libc_a-readr.o)
 .ARM.attributes
                0x00000557       0x34 C:/Users/Liuzq/.eide/tools/gcc_arm/bin/../lib/gcc/arm-none-eabi/15.2.1/../../../../arm-none-eabi/lib/thumb/v7e-m+fp/hard\libc_nano.a(libc_a-writer.o)
 .ARM.attributes
                0x0000058b       0x34 C:/Users/Liuzq/.eide/tools/gcc_arm/bin/../lib/gcc/arm-none-eabi/15.2.1/../../../../arm-none-eabi/lib/thumb/v7e-m+fp/hard\libc_nano.a(libc_a-errno.o)
 .ARM.attributes
                0x000005bf       0x34 C:/Users/Liuzq/.eide/tools/gcc_arm/bin/../lib/gcc/arm-none-eabi/15.2.1/../../../../arm-none-eabi/lib/thumb/v7e-m+fp/hard\libc_nano.a(libc_a-init.o)
 .ARM.attributes
                0x000005f3       0x34 C:/Users/Liuzq/.eide/tools/gcc_arm/bin/../lib/gcc/arm-none-eabi/15.2.1/../../../../arm-none-eabi/lib/thumb/v7e-m+fp/hard\libc_nano.a(libc_a-lock.o)
 .ARM.attributes
                0x00000627       0x34 C:/Users/Liuzq/.eide/tools/gcc_arm/bin/../lib/gcc/arm-none-eabi/15.2.1/../../../../arm-none-eabi/lib/thumb/v7e-m+fp/hard\libc_nano.a(libc_a-freer.o)
 .ARM.attributes
                0x0000065b       0x34 C:/Users/Liuzq/.eide/tools/gcc_arm/bin/../lib/gcc/arm-none-eabi/15.2.1/../../../../arm-none-eabi/lib/thumb/v7e-m+fp/hard\libc_nano.a(libc_a-mallocr.o)
 .ARM.attributes
                0x0000068f       0x34 C:/Users/Liuzq/.eide/tools/gcc_arm/bin/../lib/gcc/arm-none-eabi/15.2.1/../../../../arm-none-eabi/lib/thumb/v7e-m+fp/hard\libc_nano.a(libc_a-mlock.o)
 .ARM.attributes
                0x000006c3       0x34 C:/Users/Liuzq/.eide/tools/gcc_arm/bin/../lib/gcc/arm-none-eabi/15.2.1/../../../../arm-none-eabi/lib/thumb/v7e-m+fp/hard\libc_nano.a(libc_a-nano-vfprintf.o)
 .ARM.attributes
                0x000006f7       0x34 C:/Users/Liuzq/.eide/tools/gcc_arm/bin/../lib/gcc/arm-none-eabi/15.2.1/../../../../arm-none-eabi/lib/thumb/v7e-m+fp/hard\libc_nano.a(libc_a-nano-vfprintf_i.o)
 .ARM.attributes
                0x0000072b       0x34 C:/Users/Liuzq/.eide/tools/gcc_arm/bin/../lib/gcc/arm-none-eabi/15.2.1/../../../../arm-none-eabi/lib/thumb/v7e-m+fp/hard\libc_nano.a(libc_a-fflush.o)
 .ARM.attributes
                0x0000075f       0x34 C:/Users/Liuzq/.eide/tools/gcc_arm/bin/../lib/gcc/arm-none-eabi/15.2.1/../../../../arm-none-eabi/lib/thumb/v7e-m+fp/hard\libc_nano.a(libc_a-makebuf.o)
 .ARM.attributes
                0x00000793       0x34 C:/Users/Liuzq/.eide/tools/gcc_arm/bin/../lib/gcc/arm-none-eabi/15.2.1/../../../../arm-none-eabi/lib/thumb/v7e-m+fp/hard\libc_nano.a(libc_a-fstatr.o)
 .ARM.attributes
                0x000007c7       0x34 C:/Users/Liuzq/.eide/tools/gcc_arm/bin/../lib/gcc/arm-none-eabi/15.2.1/../../../../arm-none-eabi/lib/thumb/v7e-m+fp/hard\libc_nano.a(libc_a-isattyr.o)
 .ARM.attributes
                0x000007fb       0x34 C:/Users/Liuzq/.eide/tools/gcc_arm/bin/../lib/gcc/arm-none-eabi/15.2.1/../../../../arm-none-eabi/lib/thumb/v7e-m+fp/hard\libc_nano.a(libc_a-sbrkr.o)
 .ARM.attributes
                0x0000082f       0x1c C:/Users/Liuzq/.eide/tools/gcc_arm/bin/../lib/gcc/arm-none-eabi/15.2.1/../../../../arm-none-eabi/lib/thumb/v7e-m+fp/hard\libc_nano.a(libc_a-memchr.o)
 .ARM.attributes
                0x0000084b       0x22 C:/Users/Liuzq/.eide/tools/gcc_arm/bin/../lib/gcc/arm-none-eabi/15.2.1/thumb/v7e-m+fp/hard\libgcc.a(_aeabi_uldivmod.o)
 .ARM.attributes
                0x0000086d       0x34 C:/Users/Liuzq/.eide/tools/gcc_arm/bin/../lib/gcc/arm-none-eabi/15.2.1/thumb/v7e-m+fp/hard\libgcc.a(_udivmoddi4.o)
 .ARM.attributes
                0x000008a1       0x22 C:/Users/Liuzq/.eide/tools/gcc_arm/bin/../lib/gcc/arm-none-eabi/15.2.1/thumb/v7e-m+fp/hard\libgcc.a(_dvmd_tls.o)
 .ARM.attributes
                0x000008c3       0x34 C:/Users/Liuzq/.eide/tools/gcc_arm/bin/../lib/gcc/arm-none-eabi/15.2.1/thumb/v7e-m+fp/hard/crtend.o
 .ARM.attributes
                0x000008f7       0x22 C:/Users/Liuzq/.eide/tools/gcc_arm/bin/../lib/gcc/arm-none-eabi/15.2.1/thumb/v7e-m+fp/hard/crtn.o

.comment        0x00000000       0x45
 .comment       0x00000000       0x45 build/main.o
                                 0x46 (size before relaxing)
 .comment       0x00000045        0x0 build/stm32f4xx_it.o
                                 0x46 (size before relaxing)
 .comment       0x00000045        0x0 build/stm32f4xx_hal_msp.o
                                 0x46 (size before relaxing)
 .comment       0x00000045        0x0 build/stm32f4xx_hal_uart.o
                                 0x46 (size before relaxing)
 .comment       0x00000045        0x0 build/stm32f4xx_hal_rcc.o
                                 0x46 (size before relaxing)
 .comment       0x00000045        0x0 build/stm32f4xx_hal_gpio.o
                                 0x46 (size before relaxing)
 .comment       0x00000045        0x0 build/stm32f4xx_hal_cortex.o
                                 0x46 (size before relaxing)
 .comment       0x00000045        0x0 build/stm32f4xx_hal.o
                                 0x46 (size before relaxing)
 .comment       0x00000045        0x0 build/system_stm32f4xx.o
                                 0x46 (size before relaxing)
 .comment       0x00000045        0x0 build/sysmem.o
                                 0x46 (size before relaxing)
 .comment       0x00000045        0x0 build/syscalls.o
                                 0x46 (size before relaxing)

.debug_info     0x00000000     0xab80
 .debug_info    0x00000000     0x1df3 build/main.o
 .debug_info    0x00001df3      0x1da build/stm32f4xx_it.o
 .debug_info    0x00001fcd      0xab6 build/stm32f4xx_hal_msp.o
 .debug_info    0x00002a83     0x3ff7 build/stm32f4xx_hal_uart.o
 .debug_info    0x00006a7a      0xc20 build/stm32f4xx_hal_rcc.o
 .debug_info    0x0000769a      0x84e build/stm32f4xx_hal_gpio.o
 .debug_info    0x00007ee8     0x11e0 build/stm32f4xx_hal_cortex.o
 .debug_info    0x000090c8      0xaf5 build/stm32f4xx_hal.o
 .debug_info    0x00009bbd      0x5b3 build/system_stm32f4xx.o
 .debug_info    0x0000a170      0x18c build/sysmem.o
 .debug_info    0x0000a2fc      0x854 build/syscalls.o
 .debug_info    0x0000ab50       0x30 build/startup_stm32f407xx.o

.debug_abbrev   0x00000000     0x18a8
 .debug_abbrev  0x00000000      0x38e build/main.o
 .debug_abbrev  0x0000038e       0xc2 build/stm32f4xx_it.o
 .debug_abbrev  0x00000450      0x1b4 build/stm32f4xx_hal_msp.o
 .debug_abbrev  0x00000604      0x36a build/stm32f4xx_hal_uart.o
 .debug_abbrev  0x0000096e      0x2de build/stm32f4xx_hal_rcc.o
 .debug_abbrev  0x00000c4c      0x23f build/stm32f4xx_hal_gpio.o
 .debug_abbrev  0x00000e8b      0x3ca build/stm32f4xx_hal_cortex.o
 .debug_abbrev  0x00001255      0x244 build/stm32f4xx_hal.o
 .debug_abbrev  0x00001499      0x11b build/system_stm32f4xx.o
 .debug_abbrev  0x000015b4       0xeb build/sysmem.o
 .debug_abbrev  0x0000169f      0x1ec build/syscalls.o
 .debug_abbrev  0x0000188b       0x1d build/startup_stm32f407xx.o

.debug_loc      0x00000000     0x6a8e
 .debug_loc     0x00000000      0x3e8 build/main.o
 .debug_loc     0x000003e8       0x60 build/stm32f4xx_it.o
 .debug_loc     0x00000448      0x12c build/stm32f4xx_hal_msp.o
 .debug_loc     0x00000574     0x4715 build/stm32f4xx_hal_uart.o
 .debug_loc     0x00004c89      0x6de build/stm32f4xx_hal_rcc.o
 .debug_loc     0x00005367      0x5d5 build/stm32f4xx_hal_gpio.o
 .debug_loc     0x0000593c      0x896 build/stm32f4xx_hal_cortex.o
 .debug_loc     0x000061d2      0x1f9 build/stm32f4xx_hal.o
 .debug_loc     0x000063cb       0xb0 build/system_stm32f4xx.o
 .debug_loc     0x0000647b       0x90 build/sysmem.o
 .debug_loc     0x0000650b      0x583 build/syscalls.o

.debug_aranges  0x00000000      0x6f8
 .debug_aranges
                0x00000000       0x70 build/main.o
 .debug_aranges
                0x00000070       0x70 build/stm32f4xx_it.o
 .debug_aranges
                0x000000e0       0x30 build/stm32f4xx_hal_msp.o
 .debug_aranges
                0x00000110      0x208 build/stm32f4xx_hal_uart.o
 .debug_aranges
                0x00000318       0x88 build/stm32f4xx_hal_rcc.o
 .debug_aranges
                0x000003a0       0x58 build/stm32f4xx_hal_gpio.o
 .debug_aranges
                0x000003f8       0xf8 build/stm32f4xx_hal_cortex.o
 .debug_aranges
                0x000004f0       0xf0 build/stm32f4xx_hal.o
 .debug_aranges
                0x000005e0       0x28 build/system_stm32f4xx.o
 .debug_aranges
                0x00000608       0x20 build/sysmem.o
 .debug_aranges
                0x00000628       0xa8 build/syscalls.o
 .debug_aranges
                0x000006d0       0x28 build/startup_stm32f407xx.o

.debug_ranges   0x00000000      0x658
 .debug_ranges  0x00000000       0x60 build/main.o
 .debug_ranges  0x00000060       0x60 build/stm32f4xx_it.o
 .debug_ranges  0x000000c0       0x20 build/stm32f4xx_hal_msp.o
 .debug_ranges  0x000000e0      0x1f8 build/stm32f4xx_hal_uart.o
 .debug_ranges  0x000002d8       0x90 build/stm32f4xx_hal_rcc.o
 .debug_ranges  0x00000368       0x48 build/stm32f4xx_hal_gpio.o
 .debug_ranges  0x000003b0       0xe8 build/stm32f4xx_hal_cortex.o
 .debug_ranges  0x00000498       0xe0 build/stm32f4xx_hal.o
 .debug_ranges  0x00000578       0x18 build/system_stm32f4xx.o
 .debug_ranges  0x00000590       0x10 build/sysmem.o
 .debug_ranges  0x000005a0       0x98 build/syscalls.o
 .debug_ranges  0x00000638       0x20 build/startup_stm32f407xx.o

.debug_line     0x00000000     0x677e
 .debug_line    0x00000000      0x759 build/main.o
 .debug_line    0x00000759      0x226 build/stm32f4xx_it.o
 .debug_line    0x0000097f      0x24d build/stm32f4xx_hal_msp.o
 .debug_line    0x00000bcc     0x33e2 build/stm32f4xx_hal_uart.o
 .debug_line    0x00003fae      0xba3 build/stm32f4xx_hal_rcc.o
 .debug_line    0x00004b51      0x6cd build/stm32f4xx_hal_gpio.o
 .debug_line    0x0000521e      0x81d build/stm32f4xx_hal_cortex.o
 .debug_line    0x00005a3b      0x54d build/stm32f4xx_hal.o
 .debug_line    0x00005f88      0x231 build/system_stm32f4xx.o
 .debug_line    0x000061b9      0x196 build/sysmem.o
 .debug_line    0x0000634f      0x3bc build/syscalls.o
 .debug_line    0x0000670b       0x73 build/startup_stm32f407xx.o

.debug_str      0x00000000     0x2810
 .debug_str     0x00000000     0x2810 build/main.o
                               0x13aa (size before relaxing)
 .debug_str     0x00002810        0x0 build/stm32f4xx_it.o
                                0x27c (size before relaxing)
 .debug_str     0x00002810        0x0 build/stm32f4xx_hal_msp.o
                                0x7d8 (size before relaxing)
 .debug_str     0x00002810        0x0 build/stm32f4xx_hal_uart.o
                                0xd99 (size before relaxing)
 .debug_str     0x00002810        0x0 build/stm32f4xx_hal_rcc.o
                                0x704 (size before relaxing)
 .debug_str     0x00002810        0x0 build/stm32f4xx_hal_gpio.o
                                0x4de (size before relaxing)
 .debug_str     0x00002810        0x0 build/stm32f4xx_hal_cortex.o
                                0xc73 (size before relaxing)
 .debug_str     0x00002810        0x0 build/stm32f4xx_hal.o
                                0xb62 (size before relaxing)
 .debug_str     0x00002810        0x0 build/system_stm32f4xx.o
                                0x373 (size before relaxing)
 .debug_str     0x00002810        0x0 build/sysmem.o
                                0x223 (size before relaxing)
 .debug_str     0x00002810        0x0 build/syscalls.o
                                0x3f7 (size before relaxing)
 .debug_str     0x00002810        0x0 build/startup_stm32f407xx.o
                                 0x80 (size before relaxing)

.debug_frame    0x00000000     0x1934
 .debug_frame   0x00000000      0x130 build/main.o
 .debug_frame   0x00000130       0xd8 build/stm32f4xx_it.o
 .debug_frame   0x00000208       0x60 build/stm32f4xx_hal_msp.o
 .debug_frame   0x00000268      0x5dc build/stm32f4xx_hal_uart.o
 .debug_frame   0x00000844      0x16c build/stm32f4xx_hal_rcc.o
 .debug_frame   0x000009b0       0xd0 build/stm32f4xx_hal_gpio.o
 .debug_frame   0x00000a80      0x214 build/stm32f4xx_hal_cortex.o
 .debug_frame   0x00000c94      0x1ec build/stm32f4xx_hal.o
 .debug_frame   0x00000e80       0x30 build/system_stm32f4xx.o
 .debug_frame   0x00000eb0       0x28 build/sysmem.o
 .debug_frame   0x00000ed8      0x190 build/syscalls.o
 .debug_frame   0x00001068      0x144 C:/Users/Liuzq/.eide/tools/gcc_arm/bin/../lib/gcc/arm-none-eabi/15.2.1/../../../../arm-none-eabi/lib/thumb/v7e-m+fp/hard\libc_nano.a(libc_a-findfp.o)
 .debug_frame   0x000011ac       0x34 C:/Users/Liuzq/.eide/tools/gcc_arm/bin/../lib/gcc/arm-none-eabi/15.2.1/../../../../arm-none-eabi/lib/thumb/v7e-m+fp/hard\libc_nano.a(libc_a-fwalk.o)
 .debug_frame   0x000011e0       0x6c C:/Users/Liuzq/.eide/tools/gcc_arm/bin/../lib/gcc/arm-none-eabi/15.2.1/../../../../arm-none-eabi/lib/thumb/v7e-m+fp/hard\libc_nano.a(libc_a-printf.o)
 .debug_frame   0x0000124c       0x3c C:/Users/Liuzq/.eide/tools/gcc_arm/bin/../lib/gcc/arm-none-eabi/15.2.1/../../../../arm-none-eabi/lib/thumb/v7e-m+fp/hard\libc_nano.a(libc_a-puts.o)
 .debug_frame   0x00001288       0x88 C:/Users/Liuzq/.eide/tools/gcc_arm/bin/../lib/gcc/arm-none-eabi/15.2.1/../../../../arm-none-eabi/lib/thumb/v7e-m+fp/hard\libc_nano.a(libc_a-stdio.o)
 .debug_frame   0x00001310       0x40 C:/Users/Liuzq/.eide/tools/gcc_arm/bin/../lib/gcc/arm-none-eabi/15.2.1/../../../../arm-none-eabi/lib/thumb/v7e-m+fp/hard\libc_nano.a(libc_a-wbuf.o)
 .debug_frame   0x00001350       0x2c C:/Users/Liuzq/.eide/tools/gcc_arm/bin/../lib/gcc/arm-none-eabi/15.2.1/../../../../arm-none-eabi/lib/thumb/v7e-m+fp/hard\libc_nano.a(libc_a-wsetup.o)
 .debug_frame   0x0000137c       0x20 C:/Users/Liuzq/.eide/tools/gcc_arm/bin/../lib/gcc/arm-none-eabi/15.2.1/../../../../arm-none-eabi/lib/thumb/v7e-m+fp/hard\libc_nano.a(libc_a-memset.o)
 .debug_frame   0x0000139c       0x2c C:/Users/Liuzq/.eide/tools/gcc_arm/bin/../lib/gcc/arm-none-eabi/15.2.1/../../../../arm-none-eabi/lib/thumb/v7e-m+fp/hard\libc_nano.a(libc_a-closer.o)
 .debug_frame   0x000013c8       0x38 C:/Users/Liuzq/.eide/tools/gcc_arm/bin/../lib/gcc/arm-none-eabi/15.2.1/../../../../arm-none-eabi/lib/thumb/v7e-m+fp/hard\libc_nano.a(libc_a-reent.o)
 .debug_frame   0x00001400       0x2c C:/Users/Liuzq/.eide/tools/gcc_arm/bin/../lib/gcc/arm-none-eabi/15.2.1/../../../../arm-none-eabi/lib/thumb/v7e-m+fp/hard\libc_nano.a(libc_a-lseekr.o)
 .debug_frame   0x0000142c       0x2c C:/Users/Liuzq/.eide/tools/gcc_arm/bin/../lib/gcc/arm-none-eabi/15.2.1/../../../../arm-none-eabi/lib/thumb/v7e-m+fp/hard\libc_nano.a(libc_a-readr.o)
 .debug_frame   0x00001458       0x2c C:/Users/Liuzq/.eide/tools/gcc_arm/bin/../lib/gcc/arm-none-eabi/15.2.1/../../../../arm-none-eabi/lib/thumb/v7e-m+fp/hard\libc_nano.a(libc_a-writer.o)
 .debug_frame   0x00001484       0x20 C:/Users/Liuzq/.eide/tools/gcc_arm/bin/../lib/gcc/arm-none-eabi/15.2.1/../../../../arm-none-eabi/lib/thumb/v7e-m+fp/hard\libc_nano.a(libc_a-errno.o)
 .debug_frame   0x000014a4       0x2c C:/Users/Liuzq/.eide/tools/gcc_arm/bin/../lib/gcc/arm-none-eabi/15.2.1/../../../../arm-none-eabi/lib/thumb/v7e-m+fp/hard\libc_nano.a(libc_a-init.o)
 .debug_frame   0x000014d0       0xb0 C:/Users/Liuzq/.eide/tools/gcc_arm/bin/../lib/gcc/arm-none-eabi/15.2.1/../../../../arm-none-eabi/lib/thumb/v7e-m+fp/hard\libc_nano.a(libc_a-lock.o)
 .debug_frame   0x00001580       0x38 C:/Users/Liuzq/.eide/tools/gcc_arm/bin/../lib/gcc/arm-none-eabi/15.2.1/../../../../arm-none-eabi/lib/thumb/v7e-m+fp/hard\libc_nano.a(libc_a-freer.o)
 .debug_frame   0x000015b8       0x50 C:/Users/Liuzq/.eide/tools/gcc_arm/bin/../lib/gcc/arm-none-eabi/15.2.1/../../../../arm-none-eabi/lib/thumb/v7e-m+fp/hard\libc_nano.a(libc_a-mallocr.o)
 .debug_frame   0x00001608       0x30 C:/Users/Liuzq/.eide/tools/gcc_arm/bin/../lib/gcc/arm-none-eabi/15.2.1/../../../../arm-none-eabi/lib/thumb/v7e-m+fp/hard\libc_nano.a(libc_a-mlock.o)
 .debug_frame   0x00001638       0xa8 C:/Users/Liuzq/.eide/tools/gcc_arm/bin/../lib/gcc/arm-none-eabi/15.2.1/../../../../arm-none-eabi/lib/thumb/v7e-m+fp/hard\libc_nano.a(libc_a-nano-vfprintf.o)
 .debug_frame   0x000016e0       0x60 C:/Users/Liuzq/.eide/tools/gcc_arm/bin/../lib/gcc/arm-none-eabi/15.2.1/../../../../arm-none-eabi/lib/thumb/v7e-m+fp/hard\libc_nano.a(libc_a-nano-vfprintf_i.o)
 .debug_frame   0x00001740       0x5c C:/Users/Liuzq/.eide/tools/gcc_arm/bin/../lib/gcc/arm-none-eabi/15.2.1/../../../../arm-none-eabi/lib/thumb/v7e-m+fp/hard\libc_nano.a(libc_a-fflush.o)
 .debug_frame   0x0000179c       0x58 C:/Users/Liuzq/.eide/tools/gcc_arm/bin/../lib/gcc/arm-none-eabi/15.2.1/../../../../arm-none-eabi/lib/thumb/v7e-m+fp/hard\libc_nano.a(libc_a-makebuf.o)
 .debug_frame   0x000017f4       0x2c C:/Users/Liuzq/.eide/tools/gcc_arm/bin/../lib/gcc/arm-none-eabi/15.2.1/../../../../arm-none-eabi/lib/thumb/v7e-m+fp/hard\libc_nano.a(libc_a-fstatr.o)
 .debug_frame   0x00001820       0x2c C:/Users/Liuzq/.eide/tools/gcc_arm/bin/../lib/gcc/arm-none-eabi/15.2.1/../../../../arm-none-eabi/lib/thumb/v7e-m+fp/hard\libc_nano.a(libc_a-isattyr.o)
 .debug_frame   0x0000184c       0x2c C:/Users/Liuzq/.eide/tools/gcc_arm/bin/../lib/gcc/arm-none-eabi/15.2.1/../../../../arm-none-eabi/lib/thumb/v7e-m+fp/hard\libc_nano.a(libc_a-sbrkr.o)
 .debug_frame   0x00001878       0x4c C:/Users/Liuzq/.eide/tools/gcc_arm/bin/../lib/gcc/arm-none-eabi/15.2.1/../../../../arm-none-eabi/lib/thumb/v7e-m+fp/hard\libc_nano.a(libc_a-memchr.o)
 .debug_frame   0x000018c4       0x2c C:/Users/Liuzq/.eide/tools/gcc_arm/bin/../lib/gcc/arm-none-eabi/15.2.1/thumb/v7e-m+fp/hard\libgcc.a(_aeabi_uldivmod.o)
 .debug_frame   0x000018f0       0x44 C:/Users/Liuzq/.eide/tools/gcc_arm/bin/../lib/gcc/arm-none-eabi/15.2.1/thumb/v7e-m+fp/hard\libgcc.a(_udivmoddi4.o)

.debug_line_str
                0x00000000      0x1be
 .debug_line_str
                0x00000000      0x1be C:/Users/Liuzq/.eide/tools/gcc_arm/bin/../lib/gcc/arm-none-eabi/15.2.1/../../../../arm-none-eabi/lib/thumb/v7e-m+fp/hard\libc_nano.a(libc_a-memchr.o)
                                 0xe5 (size before relaxing)
 .debug_line_str
                0x000001be        0x0 C:/Users/Liuzq/.eide/tools/gcc_arm/bin/../lib/gcc/arm-none-eabi/15.2.1/thumb/v7e-m+fp/hard\libgcc.a(_aeabi_uldivmod.o)
                                 0xcd (size before relaxing)
 .debug_line_str
                0x000001be        0x0 C:/Users/Liuzq/.eide/tools/gcc_arm/bin/../lib/gcc/arm-none-eabi/15.2.1/thumb/v7e-m+fp/hard\libgcc.a(_dvmd_tls.o)
                                 0xd1 (size before relaxing)

Cross Reference Table

Symbol                                            File
ADC_IRQHandler                                    build/startup_stm32f407xx.o
AHBPrescTable                                     build/system_stm32f4xx.o
                                                  build/stm32f4xx_hal_rcc.o
APBPrescTable                                     build/system_stm32f4xx.o
                                                  build/stm32f4xx_hal_rcc.o
BusFault_Handler                                  build/stm32f4xx_it.o
CAN1_RX0_IRQHandler                               build/startup_stm32f407xx.o
CAN1_RX1_IRQHandler                               build/startup_stm32f407xx.o
CAN1_SCE_IRQHandler                               build/startup_stm32f407xx.o
CAN1_TX_IRQHandler                                build/startup_stm32f407xx.o
CAN2_RX0_IRQHandler                               build/startup_stm32f407xx.o
CAN2_RX1_IRQHandler                               build/startup_stm32f407xx.o
CAN2_SCE_IRQHandler                               build/startup_stm32f407xx.o
CAN2_TX_IRQHandler                                build/startup_stm32f407xx.o
DCMI_IRQHandler                                   build/startup_stm32f407xx.o
DMA1_Stream0_IRQHandler                           build/startup_stm32f407xx.o
DMA1_Stream1_IRQHandler                           build/startup_stm32f407xx.o
DMA1_Stream2_IRQHandler                           build/startup_stm32f407xx.o
DMA1_Stream3_IRQHandler                           build/startup_stm32f407xx.o
DMA1_Stream4_IRQHandler                           build/startup_stm32f407xx.o
DMA1_Stream5_IRQHandler                           build/startup_stm32f407xx.o
DMA1_Stream6_IRQHandler                           build/startup_stm32f407xx.o
DMA1_Stream7_IRQHandler                           build/startup_stm32f407xx.o
DMA2_Stream0_IRQHandler                           build/startup_stm32f407xx.o
DMA2_Stream1_IRQHandler                           build/startup_stm32f407xx.o
DMA2_Stream2_IRQHandler                           build/startup_stm32f407xx.o
DMA2_Stream3_IRQHandler                           build/startup_stm32f407xx.o
DMA2_Stream4_IRQHandler                           build/startup_stm32f407xx.o
DMA2_Stream5_IRQHandler                           build/startup_stm32f407xx.o
DMA2_Stream6_IRQHandler                           build/startup_stm32f407xx.o
DMA2_Stream7_IRQHandler                           build/startup_stm32f407xx.o
DebugMon_Handler                                  build/stm32f4xx_it.o
Default_Handler                                   build/startup_stm32f407xx.o
ETH_IRQHandler                                    build/startup_stm32f407xx.o
ETH_WKUP_IRQHandler                               build/startup_stm32f407xx.o
EXTI0_IRQHandler                                  build/stm32f4xx_it.o
EXTI15_10_IRQHandler                              build/startup_stm32f407xx.o
EXTI1_IRQHandler                                  build/startup_stm32f407xx.o
EXTI2_IRQHandler                                  build/startup_stm32f407xx.o
EXTI3_IRQHandler                                  build/startup_stm32f407xx.o
EXTI4_IRQHandler                                  build/stm32f4xx_it.o
EXTI9_5_IRQHandler                                build/startup_stm32f407xx.o
Error_Handler                                     build/main.o
FLASH_Erase_Sector                                build/stm32f4xx_hal_flash_ex.o
                                                  build/stm32f4xx_hal_flash.o
FLASH_FlushCaches                                 build/stm32f4xx_hal_flash_ex.o
                                                  build/stm32f4xx_hal_flash.o
FLASH_IRQHandler                                  build/startup_stm32f407xx.o
FLASH_WaitForLastOperation                        build/stm32f4xx_hal_flash.o
                                                  build/stm32f4xx_hal_flash_ex.o
FPU_IRQHandler                                    build/startup_stm32f407xx.o
FSMC_IRQHandler                                   build/startup_stm32f407xx.o
HAL_CORTEX_ClearEvent                             build/stm32f4xx_hal_cortex.o
HAL_DBGMCU_DisableDBGSleepMode                    build/stm32f4xx_hal.o
HAL_DBGMCU_DisableDBGStandbyMode                  build/stm32f4xx_hal.o
HAL_DBGMCU_DisableDBGStopMode                     build/stm32f4xx_hal.o
HAL_DBGMCU_EnableDBGSleepMode                     build/stm32f4xx_hal.o
HAL_DBGMCU_EnableDBGStandbyMode                   build/stm32f4xx_hal.o
HAL_DBGMCU_EnableDBGStopMode                      build/stm32f4xx_hal.o
HAL_DMAEx_ChangeMemory                            build/stm32f4xx_hal_dma_ex.o
HAL_DMAEx_MultiBufferStart                        build/stm32f4xx_hal_dma_ex.o
HAL_DMAEx_MultiBufferStart_IT                     build/stm32f4xx_hal_dma_ex.o
HAL_DMA_Abort                                     build/stm32f4xx_hal_dma.o
                                                  build/stm32f4xx_hal_uart.o
HAL_DMA_Abort_IT                                  build/stm32f4xx_hal_dma.o
                                                  build/stm32f4xx_hal_uart.o
HAL_DMA_DeInit                                    build/stm32f4xx_hal_dma.o
HAL_DMA_GetError                                  build/stm32f4xx_hal_dma.o
                                                  build/stm32f4xx_hal_uart.o
HAL_DMA_GetState                                  build/stm32f4xx_hal_dma.o
HAL_DMA_IRQHandler                                build/stm32f4xx_hal_dma.o
HAL_DMA_Init                                      build/stm32f4xx_hal_dma.o
HAL_DMA_PollForTransfer                           build/stm32f4xx_hal_dma.o
HAL_DMA_RegisterCallback                          build/stm32f4xx_hal_dma.o
HAL_DMA_Start                                     build/stm32f4xx_hal_dma.o
HAL_DMA_Start_IT                                  build/stm32f4xx_hal_dma.o
                                                  build/stm32f4xx_hal_uart.o
HAL_DMA_UnRegisterCallback                        build/stm32f4xx_hal_dma.o
HAL_DeInit                                        build/stm32f4xx_hal.o
HAL_Delay                                         build/stm32f4xx_hal.o
HAL_DisableCompensationCell                       build/stm32f4xx_hal.o
HAL_EXTI_ClearConfigLine                          build/stm32f4xx_hal_exti.o
HAL_EXTI_ClearPending                             build/stm32f4xx_hal_exti.o
HAL_EXTI_GenerateSWI                              build/stm32f4xx_hal_exti.o
HAL_EXTI_GetConfigLine                            build/stm32f4xx_hal_exti.o
HAL_EXTI_GetHandle                                build/stm32f4xx_hal_exti.o
HAL_EXTI_GetPending                               build/stm32f4xx_hal_exti.o
HAL_EXTI_IRQHandler                               build/stm32f4xx_hal_exti.o
HAL_EXTI_RegisterCallback                         build/stm32f4xx_hal_exti.o
HAL_EXTI_SetConfigLine                            build/stm32f4xx_hal_exti.o
HAL_EnableCompensationCell                        build/stm32f4xx_hal.o
HAL_FLASHEx_Erase                                 build/stm32f4xx_hal_flash_ex.o
HAL_FLASHEx_Erase_IT                              build/stm32f4xx_hal_flash_ex.o
HAL_FLASHEx_OBGetConfig                           build/stm32f4xx_hal_flash_ex.o
HAL_FLASHEx_OBProgram                             build/stm32f4xx_hal_flash_ex.o
HAL_FLASH_EndOfOperationCallback                  build/stm32f4xx_hal_flash.o
HAL_FLASH_GetError                                build/stm32f4xx_hal_flash.o
HAL_FLASH_IRQHandler                              build/stm32f4xx_hal_flash.o
HAL_FLASH_Lock                                    build/stm32f4xx_hal_flash.o
HAL_FLASH_OB_Launch                               build/stm32f4xx_hal_flash.o
HAL_FLASH_OB_Lock                                 build/stm32f4xx_hal_flash.o
HAL_FLASH_OB_Unlock                               build/stm32f4xx_hal_flash.o
HAL_FLASH_OperationErrorCallback                  build/stm32f4xx_hal_flash.o
HAL_FLASH_Program                                 build/stm32f4xx_hal_flash.o
HAL_FLASH_Program_IT                              build/stm32f4xx_hal_flash.o
HAL_FLASH_Unlock                                  build/stm32f4xx_hal_flash.o
HAL_GPIO_DeInit                                   build/stm32f4xx_hal_gpio.o
                                                  build/stm32f4xx_hal_msp.o
HAL_GPIO_EXTI_Callback                            build/main.o
HAL_GPIO_EXTI_IRQHandler                          build/stm32f4xx_hal_gpio.o
                                                  build/stm32f4xx_it.o
HAL_GPIO_Init                                     build/stm32f4xx_hal_gpio.o
                                                  build/stm32f4xx_hal_rcc.o
                                                  build/stm32f4xx_hal_msp.o
                                                  build/main.o
HAL_GPIO_LockPin                                  build/stm32f4xx_hal_gpio.o
HAL_GPIO_ReadPin                                  build/stm32f4xx_hal_gpio.o
HAL_GPIO_TogglePin                                build/stm32f4xx_hal_gpio.o
HAL_GPIO_WritePin                                 build/stm32f4xx_hal_gpio.o
                                                  build/main.o
HAL_GetDEVID                                      build/stm32f4xx_hal.o
HAL_GetHalVersion                                 build/stm32f4xx_hal.o
HAL_GetREVID                                      build/stm32f4xx_hal.o
HAL_GetTick                                       build/stm32f4xx_hal.o
                                                  build/stm32f4xx_hal_pwr_ex.o
                                                  build/stm32f4xx_hal_dma.o
                                                  build/stm32f4xx_hal_flash.o
                                                  build/stm32f4xx_hal_rcc_ex.o
                                                  build/stm32f4xx_hal_rcc.o
                                                  build/stm32f4xx_hal_uart.o
                                                  build/main.o
HAL_GetTickFreq                                   build/stm32f4xx_hal.o
HAL_GetTickPrio                                   build/stm32f4xx_hal.o
HAL_GetUIDw0                                      build/stm32f4xx_hal.o
HAL_GetUIDw1                                      build/stm32f4xx_hal.o
HAL_GetUIDw2                                      build/stm32f4xx_hal.o
HAL_HalfDuplex_EnableReceiver                     build/stm32f4xx_hal_uart.o
HAL_HalfDuplex_EnableTransmitter                  build/stm32f4xx_hal_uart.o
HAL_HalfDuplex_Init                               build/stm32f4xx_hal_uart.o
HAL_IncTick                                       build/stm32f4xx_hal.o
                                                  build/stm32f4xx_it.o
HAL_Init                                          build/stm32f4xx_hal.o
                                                  build/main.o
HAL_InitTick                                      build/stm32f4xx_hal.o
                                                  build/stm32f4xx_hal_rcc_ex.o
                                                  build/stm32f4xx_hal_rcc.o
HAL_LIN_Init                                      build/stm32f4xx_hal_uart.o
HAL_LIN_SendBreak                                 build/stm32f4xx_hal_uart.o
HAL_MPU_ConfigRegion                              build/stm32f4xx_hal_cortex.o
HAL_MPU_Disable                                   build/stm32f4xx_hal_cortex.o
HAL_MPU_DisableRegion                             build/stm32f4xx_hal_cortex.o
HAL_MPU_Enable                                    build/stm32f4xx_hal_cortex.o
HAL_MPU_EnableRegion                              build/stm32f4xx_hal_cortex.o
HAL_MspDeInit                                     build/stm32f4xx_hal.o
HAL_MspInit                                       build/stm32f4xx_hal_msp.o
HAL_MultiProcessor_EnterMuteMode                  build/stm32f4xx_hal_uart.o
HAL_MultiProcessor_ExitMuteMode                   build/stm32f4xx_hal_uart.o
HAL_MultiProcessor_Init                           build/stm32f4xx_hal_uart.o
HAL_NVIC_ClearPendingIRQ                          build/stm32f4xx_hal_cortex.o
HAL_NVIC_DisableIRQ                               build/stm32f4xx_hal_cortex.o
HAL_NVIC_EnableIRQ                                build/stm32f4xx_hal_cortex.o
                                                  build/main.o
HAL_NVIC_GetActive                                build/stm32f4xx_hal_cortex.o
HAL_NVIC_GetPendingIRQ                            build/stm32f4xx_hal_cortex.o
HAL_NVIC_GetPriority                              build/stm32f4xx_hal_cortex.o
HAL_NVIC_GetPriorityGrouping                      build/stm32f4xx_hal_cortex.o
HAL_NVIC_SetPendingIRQ                            build/stm32f4xx_hal_cortex.o
HAL_NVIC_SetPriority                              build/stm32f4xx_hal_cortex.o
                                                  build/stm32f4xx_hal.o
                                                  build/main.o
HAL_NVIC_SetPriorityGrouping                      build/stm32f4xx_hal_cortex.o
                                                  build/stm32f4xx_hal.o
HAL_NVIC_SystemReset                              build/stm32f4xx_hal_cortex.o
HAL_PWREx_ControlVoltageScaling                   build/stm32f4xx_hal_pwr_ex.o
HAL_PWREx_DisableBkUpReg                          build/stm32f4xx_hal_pwr_ex.o
HAL_PWREx_DisableFlashPowerDown                   build/stm32f4xx_hal_pwr_ex.o
HAL_PWREx_EnableBkUpReg                           build/stm32f4xx_hal_pwr_ex.o
HAL_PWREx_EnableFlashPowerDown                    build/stm32f4xx_hal_pwr_ex.o
HAL_PWREx_GetVoltageRange                         build/stm32f4xx_hal_pwr_ex.o
HAL_PWR_ConfigPVD                                 build/stm32f4xx_hal_pwr.o
HAL_PWR_DeInit                                    build/stm32f4xx_hal_pwr.o
HAL_PWR_DisableBkUpAccess                         build/stm32f4xx_hal_pwr.o
HAL_PWR_DisablePVD                                build/stm32f4xx_hal_pwr.o
HAL_PWR_DisableSEVOnPend                          build/stm32f4xx_hal_pwr.o
HAL_PWR_DisableSleepOnExit                        build/stm32f4xx_hal_pwr.o
HAL_PWR_DisableWakeUpPin                          build/stm32f4xx_hal_pwr.o
HAL_PWR_EnableBkUpAccess                          build/stm32f4xx_hal_pwr.o
HAL_PWR_EnablePVD                                 build/stm32f4xx_hal_pwr.o
HAL_PWR_EnableSEVOnPend                           build/stm32f4xx_hal_pwr.o
HAL_PWR_EnableSleepOnExit                         build/stm32f4xx_hal_pwr.o
HAL_PWR_EnableWakeUpPin                           build/stm32f4xx_hal_pwr.o
HAL_PWR_EnterSLEEPMode                            build/stm32f4xx_hal_pwr.o
HAL_PWR_EnterSTANDBYMode                          build/stm32f4xx_hal_pwr.o
HAL_PWR_EnterSTOPMode                             build/stm32f4xx_hal_pwr.o
HAL_PWR_PVDCallback                               build/stm32f4xx_hal_pwr.o
HAL_PWR_PVD_IRQHandler                            build/stm32f4xx_hal_pwr.o
HAL_RCCEx_DisablePLLI2S                           build/stm32f4xx_hal_rcc_ex.o
HAL_RCCEx_EnablePLLI2S                            build/stm32f4xx_hal_rcc_ex.o
HAL_RCCEx_GetPeriphCLKConfig                      build/stm32f4xx_hal_rcc_ex.o
HAL_RCCEx_GetPeriphCLKFreq                        build/stm32f4xx_hal_rcc_ex.o
HAL_RCCEx_PeriphCLKConfig                         build/stm32f4xx_hal_rcc_ex.o
HAL_RCC_CSSCallback                               build/stm32f4xx_hal_rcc.o
HAL_RCC_ClockConfig                               build/stm32f4xx_hal_rcc.o
                                                  build/main.o
HAL_RCC_DeInit                                    build/stm32f4xx_hal_rcc_ex.o
                                                  build/stm32f4xx_hal_rcc.o
HAL_RCC_DisableCSS                                build/stm32f4xx_hal_rcc.o
HAL_RCC_EnableCSS                                 build/stm32f4xx_hal_rcc.o
HAL_RCC_GetClockConfig                            build/stm32f4xx_hal_rcc.o
HAL_RCC_GetHCLKFreq                               build/stm32f4xx_hal_rcc.o
HAL_RCC_GetOscConfig                              build/stm32f4xx_hal_rcc.o
HAL_RCC_GetPCLK1Freq                              build/stm32f4xx_hal_rcc.o
                                                  build/stm32f4xx_hal_uart.o
HAL_RCC_GetPCLK2Freq                              build/stm32f4xx_hal_rcc.o
                                                  build/stm32f4xx_hal_uart.o
HAL_RCC_GetSysClockFreq                           build/stm32f4xx_hal_rcc.o
HAL_RCC_MCOConfig                                 build/stm32f4xx_hal_rcc.o
HAL_RCC_NMI_IRQHandler                            build/stm32f4xx_hal_rcc.o
HAL_RCC_OscConfig                                 build/stm32f4xx_hal_rcc.o
                                                  build/main.o
HAL_ResumeTick                                    build/stm32f4xx_hal.o
HAL_SYSTICK_CLKSourceConfig                       build/stm32f4xx_hal_cortex.o
HAL_SYSTICK_Callback                              build/stm32f4xx_hal_cortex.o
HAL_SYSTICK_Config                                build/stm32f4xx_hal_cortex.o
                                                  build/stm32f4xx_hal.o
HAL_SYSTICK_IRQHandler                            build/stm32f4xx_hal_cortex.o
HAL_SetTickFreq                                   build/stm32f4xx_hal.o
HAL_SuspendTick                                   build/stm32f4xx_hal.o
HAL_UARTEx_GetRxEventType                         build/stm32f4xx_hal_uart.o
HAL_UARTEx_ReceiveToIdle                          build/stm32f4xx_hal_uart.o
HAL_UARTEx_ReceiveToIdle_DMA                      build/stm32f4xx_hal_uart.o
HAL_UARTEx_ReceiveToIdle_IT                       build/stm32f4xx_hal_uart.o
HAL_UARTEx_RxEventCallback                        build/stm32f4xx_hal_uart.o
HAL_UART_Abort                                    build/stm32f4xx_hal_uart.o
HAL_UART_AbortCpltCallback                        build/stm32f4xx_hal_uart.o
HAL_UART_AbortReceive                             build/stm32f4xx_hal_uart.o
HAL_UART_AbortReceiveCpltCallback                 build/stm32f4xx_hal_uart.o
HAL_UART_AbortReceive_IT                          build/stm32f4xx_hal_uart.o
HAL_UART_AbortTransmit                            build/stm32f4xx_hal_uart.o
HAL_UART_AbortTransmitCpltCallback                build/stm32f4xx_hal_uart.o
HAL_UART_AbortTransmit_IT                         build/stm32f4xx_hal_uart.o
HAL_UART_Abort_IT                                 build/stm32f4xx_hal_uart.o
HAL_UART_DMAPause                                 build/stm32f4xx_hal_uart.o
HAL_UART_DMAResume                                build/stm32f4xx_hal_uart.o
HAL_UART_DMAStop                                  build/stm32f4xx_hal_uart.o
HAL_UART_DeInit                                   build/stm32f4xx_hal_uart.o
HAL_UART_ErrorCallback                            build/stm32f4xx_hal_uart.o
HAL_UART_GetError                                 build/stm32f4xx_hal_uart.o
HAL_UART_GetState                                 build/stm32f4xx_hal_uart.o
HAL_UART_IRQHandler                               build/stm32f4xx_hal_uart.o
HAL_UART_Init                                     build/stm32f4xx_hal_uart.o
                                                  build/main.o
HAL_UART_MspDeInit                                build/stm32f4xx_hal_msp.o
HAL_UART_MspInit                                  build/stm32f4xx_hal_msp.o
HAL_UART_Receive                                  build/stm32f4xx_hal_uart.o
HAL_UART_Receive_DMA                              build/stm32f4xx_hal_uart.o
HAL_UART_Receive_IT                               build/stm32f4xx_hal_uart.o
HAL_UART_RxCpltCallback                           build/stm32f4xx_hal_uart.o
HAL_UART_RxHalfCpltCallback                       build/stm32f4xx_hal_uart.o
HAL_UART_Transmit                                 build/stm32f4xx_hal_uart.o
                                                  build/main.o
HAL_UART_Transmit_DMA                             build/stm32f4xx_hal_uart.o
HAL_UART_Transmit_IT                              build/stm32f4xx_hal_uart.o
HAL_UART_TxCpltCallback                           build/stm32f4xx_hal_uart.o
HAL_UART_TxHalfCpltCallback                       build/stm32f4xx_hal_uart.o
HASH_RNG_IRQHandler                               build/startup_stm32f407xx.o
HardFault_Handler                                 build/stm32f4xx_it.o
I2C1_ER_IRQHandler                                build/startup_stm32f407xx.o
I2C1_EV_IRQHandler                                build/startup_stm32f407xx.o
I2C2_ER_IRQHandler                                build/startup_stm32f407xx.o
I2C2_EV_IRQHandler                                build/startup_stm32f407xx.o
I2C3_ER_IRQHandler                                build/startup_stm32f407xx.o
I2C3_EV_IRQHandler                                build/startup_stm32f407xx.o
LED_PrintMode                                     build/main.o
LED_SetMode                                       build/main.o
LED_ToggleHazard                                  build/main.o
LED_Update                                        build/main.o
MemManage_Handler                                 build/stm32f4xx_it.o
NMI_Handler                                       build/stm32f4xx_it.o
OTG_FS_IRQHandler                                 build/startup_stm32f407xx.o
OTG_FS_WKUP_IRQHandler                            build/startup_stm32f407xx.o
OTG_HS_EP1_IN_IRQHandler                          build/startup_stm32f407xx.o
OTG_HS_EP1_OUT_IRQHandler                         build/startup_stm32f407xx.o
OTG_HS_IRQHandler                                 build/startup_stm32f407xx.o
OTG_HS_WKUP_IRQHandler                            build/startup_stm32f407xx.o
PVD_IRQHandler                                    build/startup_stm32f407xx.o
PendSV_Handler                                    build/stm32f4xx_it.o
RCC_IRQHandler                                    build/startup_stm32f407xx.o
RTC_Alarm_IRQHandler                              build/startup_stm32f407xx.o
RTC_WKUP_IRQHandler                               build/startup_stm32f407xx.o
Reset_Handler                                     build/startup_stm32f407xx.o
SDIO_IRQHandler                                   build/startup_stm32f407xx.o
SPI1_IRQHandler                                   build/startup_stm32f407xx.o
SPI2_IRQHandler                                   build/startup_stm32f407xx.o
SPI3_IRQHandler                                   build/startup_stm32f407xx.o
SVC_Handler                                       build/stm32f4xx_it.o
SysTick_Handler                                   build/stm32f4xx_it.o
SystemClock_Config                                build/main.o
SystemCoreClock                                   build/system_stm32f4xx.o
                                                  build/stm32f4xx_hal.o
                                                  build/stm32f4xx_hal_dma.o
                                                  build/stm32f4xx_hal_rcc_ex.o
                                                  build/stm32f4xx_hal_rcc.o
SystemCoreClockUpdate                             build/system_stm32f4xx.o
SystemInit                                        build/system_stm32f4xx.o
                                                  build/startup_stm32f407xx.o
TAMP_STAMP_IRQHandler                             build/startup_stm32f407xx.o
TIM1_BRK_TIM9_IRQHandler                          build/startup_stm32f407xx.o
TIM1_CC_IRQHandler                                build/startup_stm32f407xx.o
TIM1_TRG_COM_TIM11_IRQHandler                     build/startup_stm32f407xx.o
TIM1_UP_TIM10_IRQHandler                          build/startup_stm32f407xx.o
TIM2_IRQHandler                                   build/startup_stm32f407xx.o
TIM3_IRQHandler                                   build/startup_stm32f407xx.o
TIM4_IRQHandler                                   build/startup_stm32f407xx.o
TIM5_IRQHandler                                   build/startup_stm32f407xx.o
TIM6_DAC_IRQHandler                               build/startup_stm32f407xx.o
TIM7_IRQHandler                                   build/startup_stm32f407xx.o
TIM8_BRK_TIM12_IRQHandler                         build/startup_stm32f407xx.o
TIM8_CC_IRQHandler                                build/startup_stm32f407xx.o
TIM8_TRG_COM_TIM14_IRQHandler                     build/startup_stm32f407xx.o
TIM8_UP_TIM13_IRQHandler                          build/startup_stm32f407xx.o
UART4_IRQHandler                                  build/startup_stm32f407xx.o
UART5_IRQHandler                                  build/startup_stm32f407xx.o
UART_Start_Receive_DMA                            build/stm32f4xx_hal_uart.o
UART_Start_Receive_IT                             build/stm32f4xx_hal_uart.o
USART1_IRQHandler                                 build/startup_stm32f407xx.o
USART2_IRQHandler                                 build/startup_stm32f407xx.o
USART3_IRQHandler                                 build/startup_stm32f407xx.o
USART6_IRQHandler                                 build/startup_stm32f407xx.o
UsageFault_Handler                                build/stm32f4xx_it.o
WWDG_IRQHandler                                   build/startup_stm32f407xx.o
_ITM_deregisterTMCloneTable                       C:/Users/Liuzq/.eide/tools/gcc_arm/bin/../lib/gcc/arm-none-eabi/15.2.1/thumb/v7e-m+fp/hard/crtbegin.o
_ITM_registerTMCloneTable                         C:/Users/Liuzq/.eide/tools/gcc_arm/bin/../lib/gcc/arm-none-eabi/15.2.1/thumb/v7e-m+fp/hard/crtbegin.o
_Min_Stack_Size                                   build/sysmem.o
__TMC_END__                                       C:/Users/Liuzq/.eide/tools/gcc_arm/bin/../lib/gcc/arm-none-eabi/15.2.1/thumb/v7e-m+fp/hard/crtend.o
                                                  C:/Users/Liuzq/.eide/tools/gcc_arm/bin/../lib/gcc/arm-none-eabi/15.2.1/thumb/v7e-m+fp/hard/crtbegin.o
__aeabi_idiv0                                     C:/Users/Liuzq/.eide/tools/gcc_arm/bin/../lib/gcc/arm-none-eabi/15.2.1/thumb/v7e-m+fp/hard\libgcc.a(_dvmd_tls.o)
__aeabi_ldiv0                                     C:/Users/Liuzq/.eide/tools/gcc_arm/bin/../lib/gcc/arm-none-eabi/15.2.1/thumb/v7e-m+fp/hard\libgcc.a(_dvmd_tls.o)
                                                  C:/Users/Liuzq/.eide/tools/gcc_arm/bin/../lib/gcc/arm-none-eabi/15.2.1/thumb/v7e-m+fp/hard\libgcc.a(_aeabi_uldivmod.o)
__aeabi_uldivmod                                  C:/Users/Liuzq/.eide/tools/gcc_arm/bin/../lib/gcc/arm-none-eabi/15.2.1/thumb/v7e-m+fp/hard\libgcc.a(_aeabi_uldivmod.o)
                                                  build/stm32f4xx_hal_rcc.o
                                                  build/stm32f4xx_hal_uart.o
__bss_end__                                       C:/Users/Liuzq/.eide/tools/gcc_arm/bin/../lib/gcc/arm-none-eabi/15.2.1/../../../../arm-none-eabi/lib/thumb/v7e-m+fp/hard/crt0.o
__bss_start__                                     C:/Users/Liuzq/.eide/tools/gcc_arm/bin/../lib/gcc/arm-none-eabi/15.2.1/../../../../arm-none-eabi/lib/thumb/v7e-m+fp/hard/crt0.o
__call_exitprocs                                  C:/Users/Liuzq/.eide/tools/gcc_arm/bin/../lib/gcc/arm-none-eabi/15.2.1/../../../../arm-none-eabi/lib/thumb/v7e-m+fp/hard\libc_nano.a(libc_a-exit.o)
__deregister_frame_info                           C:/Users/Liuzq/.eide/tools/gcc_arm/bin/../lib/gcc/arm-none-eabi/15.2.1/thumb/v7e-m+fp/hard/crtbegin.o
__dso_handle                                      C:/Users/Liuzq/.eide/tools/gcc_arm/bin/../lib/gcc/arm-none-eabi/15.2.1/thumb/v7e-m+fp/hard/crtbegin.o
__env                                             build/syscalls.o
__errno                                           C:/Users/Liuzq/.eide/tools/gcc_arm/bin/../lib/gcc/arm-none-eabi/15.2.1/../../../../arm-none-eabi/lib/thumb/v7e-m+fp/hard\libc_nano.a(libc_a-errno.o)
                                                  build/syscalls.o
                                                  build/sysmem.o
__fp_lock_all                                     C:/Users/Liuzq/.eide/tools/gcc_arm/bin/../lib/gcc/arm-none-eabi/15.2.1/../../../../arm-none-eabi/lib/thumb/v7e-m+fp/hard\libc_nano.a(libc_a-findfp.o)
__fp_unlock_all                                   C:/Users/Liuzq/.eide/tools/gcc_arm/bin/../lib/gcc/arm-none-eabi/15.2.1/../../../../arm-none-eabi/lib/thumb/v7e-m+fp/hard\libc_nano.a(libc_a-findfp.o)
__init_array_end                                  C:/Users/Liuzq/.eide/tools/gcc_arm/bin/../lib/gcc/arm-none-eabi/15.2.1/../../../../arm-none-eabi/lib/thumb/v7e-m+fp/hard\libc_nano.a(libc_a-init.o)
__init_array_start                                C:/Users/Liuzq/.eide/tools/gcc_arm/bin/../lib/gcc/arm-none-eabi/15.2.1/../../../../arm-none-eabi/lib/thumb/v7e-m+fp/hard\libc_nano.a(libc_a-init.o)
__io_getchar                                      build/syscalls.o
__io_putchar                                      build/syscalls.o
__libc_fini_array                                 C:/Users/Liuzq/.eide/tools/gcc_arm/bin/../lib/gcc/arm-none-eabi/15.2.1/../../../../arm-none-eabi/lib/thumb/v7e-m+fp/hard/crt0.o
__libc_init_array                                 C:/Users/Liuzq/.eide/tools/gcc_arm/bin/../lib/gcc/arm-none-eabi/15.2.1/../../../../arm-none-eabi/lib/thumb/v7e-m+fp/hard\libc_nano.a(libc_a-init.o)
                                                  build/startup_stm32f407xx.o
                                                  C:/Users/Liuzq/.eide/tools/gcc_arm/bin/../lib/gcc/arm-none-eabi/15.2.1/../../../../arm-none-eabi/lib/thumb/v7e-m+fp/hard/crt0.o
__lock___arc4random_mutex                         C:/Users/Liuzq/.eide/tools/gcc_arm/bin/../lib/gcc/arm-none-eabi/15.2.1/../../../../arm-none-eabi/lib/thumb/v7e-m+fp/hard\libc_nano.a(libc_a-lock.o)
__lock___at_quick_exit_mutex                      C:/Users/Liuzq/.eide/tools/gcc_arm/bin/../lib/gcc/arm-none-eabi/15.2.1/../../../../arm-none-eabi/lib/thumb/v7e-m+fp/hard\libc_nano.a(libc_a-lock.o)
__lock___atexit_recursive_mutex                   C:/Users/Liuzq/.eide/tools/gcc_arm/bin/../lib/gcc/arm-none-eabi/15.2.1/../../../../arm-none-eabi/lib/thumb/v7e-m+fp/hard\libc_nano.a(libc_a-lock.o)
__lock___dd_hash_mutex                            C:/Users/Liuzq/.eide/tools/gcc_arm/bin/../lib/gcc/arm-none-eabi/15.2.1/../../../../arm-none-eabi/lib/thumb/v7e-m+fp/hard\libc_nano.a(libc_a-lock.o)
__lock___env_recursive_mutex                      C:/Users/Liuzq/.eide/tools/gcc_arm/bin/../lib/gcc/arm-none-eabi/15.2.1/../../../../arm-none-eabi/lib/thumb/v7e-m+fp/hard\libc_nano.a(libc_a-lock.o)
__lock___malloc_recursive_mutex                   C:/Users/Liuzq/.eide/tools/gcc_arm/bin/../lib/gcc/arm-none-eabi/15.2.1/../../../../arm-none-eabi/lib/thumb/v7e-m+fp/hard\libc_nano.a(libc_a-lock.o)
                                                  C:/Users/Liuzq/.eide/tools/gcc_arm/bin/../lib/gcc/arm-none-eabi/15.2.1/../../../../arm-none-eabi/lib/thumb/v7e-m+fp/hard\libc_nano.a(libc_a-mlock.o)
__lock___sfp_recursive_mutex                      C:/Users/Liuzq/.eide/tools/gcc_arm/bin/../lib/gcc/arm-none-eabi/15.2.1/../../../../arm-none-eabi/lib/thumb/v7e-m+fp/hard\libc_nano.a(libc_a-lock.o)