ARM GAS  C:\Users\Liuzq\AppData\Local\Temp\ccPVzJG2.s 			page 1


   1              		.cpu cortex-m4
   2              		.arch armv7e-m
   3              		.fpu fpv4-sp-d16
   4              		.eabi_attribute 27, 1
   5              		.eabi_attribute 28, 1
   6              		.eabi_attribute 20, 1
   7              		.eabi_attribute 21, 1
   8              		.eabi_attribute 23, 3
   9              		.eabi_attribute 24, 1
  10              		.eabi_attribute 25, 1
  11              		.eabi_attribute 26, 1
  12              		.eabi_attribute 30, 1
  13              		.eabi_attribute 34, 1
  14              		.eabi_attribute 18, 4
  15              		.file	"stm32f4xx_it.c"
  16              		.text
  17              	.Ltext0:
  18              		.cfi_sections	.debug_frame
  19              		.file 1 "Core/Src/stm32f4xx_it.c"
  20              		.section	.text.NMI_Handler,"ax",%progbits
  21              		.align	1
  22              		.global	NMI_Handler
  23              		.syntax unified
  24              		.thumb
  25              		.thumb_func
  27              	NMI_Handler:
  28              	.LFB134:
   1:Core/Src/stm32f4xx_it.c **** /* USER CODE BEGIN Header */
   2:Core/Src/stm32f4xx_it.c **** /**
   3:Core/Src/stm32f4xx_it.c ****   ******************************************************************************
   4:Core/Src/stm32f4xx_it.c ****   * @file    stm32f4xx_it.c
   5:Core/Src/stm32f4xx_it.c ****   * @brief   Interrupt Service Routines.
   6:Core/Src/stm32f4xx_it.c ****   ******************************************************************************
   7:Core/Src/stm32f4xx_it.c ****   * @attention
   8:Core/Src/stm32f4xx_it.c ****   *
   9:Core/Src/stm32f4xx_it.c ****   * Copyright (c) 2026 STMicroelectronics.
  10:Core/Src/stm32f4xx_it.c ****   * All rights reserved.
  11:Core/Src/stm32f4xx_it.c ****   *
  12:Core/Src/stm32f4xx_it.c ****   * This software is licensed under terms that can be found in the LICENSE file
  13:Core/Src/stm32f4xx_it.c ****   * in the root directory of this software component.
  14:Core/Src/stm32f4xx_it.c ****   * If no LICENSE file comes with this software, it is provided AS-IS.
  15:Core/Src/stm32f4xx_it.c ****   *
  16:Core/Src/stm32f4xx_it.c ****   ******************************************************************************
  17:Core/Src/stm32f4xx_it.c ****   */
  18:Core/Src/stm32f4xx_it.c **** /* USER CODE END Header */
  19:Core/Src/stm32f4xx_it.c **** 
  20:Core/Src/stm32f4xx_it.c **** /* Includes ------------------------------------------------------------------*/
  21:Core/Src/stm32f4xx_it.c **** #include "main.h"
  22:Core/Src/stm32f4xx_it.c **** #include "stm32f4xx_it.h"
  23:Core/Src/stm32f4xx_it.c **** /* Private includes ----------------------------------------------------------*/
  24:Core/Src/stm32f4xx_it.c **** /* USER CODE BEGIN Includes */
  25:Core/Src/stm32f4xx_it.c **** /* USER CODE END Includes */
  26:Core/Src/stm32f4xx_it.c **** 
  27:Core/Src/stm32f4xx_it.c **** /* Private typedef -----------------------------------------------------------*/
  28:Core/Src/stm32f4xx_it.c **** /* USER CODE BEGIN TD */
  29:Core/Src/stm32f4xx_it.c **** 
  30:Core/Src/stm32f4xx_it.c **** /* USER CODE END TD */
ARM GAS  C:\Users\Liuzq\AppData\Local\Temp\ccPVzJG2.s 			page 2


  31:Core/Src/stm32f4xx_it.c **** 
  32:Core/Src/stm32f4xx_it.c **** /* Private define ------------------------------------------------------------*/
  33:Core/Src/stm32f4xx_it.c **** /* USER CODE BEGIN PD */
  34:Core/Src/stm32f4xx_it.c **** 
  35:Core/Src/stm32f4xx_it.c **** /* USER CODE END PD */
  36:Core/Src/stm32f4xx_it.c **** 
  37:Core/Src/stm32f4xx_it.c **** /* Private macro -------------------------------------------------------------*/
  38:Core/Src/stm32f4xx_it.c **** /* USER CODE BEGIN PM */
  39:Core/Src/stm32f4xx_it.c **** 
  40:Core/Src/stm32f4xx_it.c **** /* USER CODE END PM */
  41:Core/Src/stm32f4xx_it.c **** 
  42:Core/Src/stm32f4xx_it.c **** /* Private variables ---------------------------------------------------------*/
  43:Core/Src/stm32f4xx_it.c **** /* USER CODE BEGIN PV */
  44:Core/Src/stm32f4xx_it.c **** 
  45:Core/Src/stm32f4xx_it.c **** /* USER CODE END PV */
  46:Core/Src/stm32f4xx_it.c **** 
  47:Core/Src/stm32f4xx_it.c **** /* Private function prototypes -----------------------------------------------*/
  48:Core/Src/stm32f4xx_it.c **** /* USER CODE BEGIN PFP */
  49:Core/Src/stm32f4xx_it.c **** 
  50:Core/Src/stm32f4xx_it.c **** /* USER CODE END PFP */
  51:Core/Src/stm32f4xx_it.c **** 
  52:Core/Src/stm32f4xx_it.c **** /* Private user code ---------------------------------------------------------*/
  53:Core/Src/stm32f4xx_it.c **** /* USER CODE BEGIN 0 */
  54:Core/Src/stm32f4xx_it.c **** // 消抖参数：50ms @ 168MHz = 8,400,000 cycles（取稍大值确保可靠）
  55:Core/Src/stm32f4xx_it.c **** #define DEBOUNCE_CYCLES    (168000000 / 20)   // 50ms
  56:Core/Src/stm32f4xx_it.c **** 
  57:Core/Src/stm32f4xx_it.c **** static uint32_t last_interrupt_cycle = 0;
  58:Core/Src/stm32f4xx_it.c **** 
  59:Core/Src/stm32f4xx_it.c **** // 外部函数声明
  60:Core/Src/stm32f4xx_it.c **** extern uint32_t DWT_GetCycle(void);
  61:Core/Src/stm32f4xx_it.c **** extern void Gear_Shift(void);
  62:Core/Src/stm32f4xx_it.c **** /* USER CODE END 0 */
  63:Core/Src/stm32f4xx_it.c **** 
  64:Core/Src/stm32f4xx_it.c **** /* External variables --------------------------------------------------------*/
  65:Core/Src/stm32f4xx_it.c **** 
  66:Core/Src/stm32f4xx_it.c **** /* USER CODE BEGIN EV */
  67:Core/Src/stm32f4xx_it.c **** 
  68:Core/Src/stm32f4xx_it.c **** /* USER CODE END EV */
  69:Core/Src/stm32f4xx_it.c **** 
  70:Core/Src/stm32f4xx_it.c **** /******************************************************************************/
  71:Core/Src/stm32f4xx_it.c **** /*           Cortex-M4 Processor Interruption and Exception Handlers          */
  72:Core/Src/stm32f4xx_it.c **** /******************************************************************************/
  73:Core/Src/stm32f4xx_it.c **** /**
  74:Core/Src/stm32f4xx_it.c ****   * @brief This function handles Non maskable interrupt.
  75:Core/Src/stm32f4xx_it.c ****   */
  76:Core/Src/stm32f4xx_it.c **** void NMI_Handler(void)
  77:Core/Src/stm32f4xx_it.c **** {
  29              		.loc 1 77 1 view -0
  30              		.cfi_startproc
  31              		@ Volatile: function does not return.
  32              		@ args = 0, pretend = 0, frame = 0
  33              		@ frame_needed = 0, uses_anonymous_args = 0
  34              		@ link register save eliminated.
  35              	.L2:
  78:Core/Src/stm32f4xx_it.c ****   /* USER CODE BEGIN NonMaskableInt_IRQn 0 */
  79:Core/Src/stm32f4xx_it.c **** 
  80:Core/Src/stm32f4xx_it.c ****   /* USER CODE END NonMaskableInt_IRQn 0 */
ARM GAS  C:\Users\Liuzq\AppData\Local\Temp\ccPVzJG2.s 			page 3


  81:Core/Src/stm32f4xx_it.c ****   /* USER CODE BEGIN NonMaskableInt_IRQn 1 */
  82:Core/Src/stm32f4xx_it.c ****    while (1)
  36              		.loc 1 82 4 view .LVU1
  83:Core/Src/stm32f4xx_it.c ****   {
  84:Core/Src/stm32f4xx_it.c ****   }
  37              		.loc 1 84 3 view .LVU2
  82:Core/Src/stm32f4xx_it.c ****   {
  38              		.loc 1 82 10 view .LVU3
  39 0000 FEE7     		b	.L2
  40              		.cfi_endproc
  41              	.LFE134:
  43              		.section	.text.HardFault_Handler,"ax",%progbits
  44              		.align	1
  45              		.global	HardFault_Handler
  46              		.syntax unified
  47              		.thumb
  48              		.thumb_func
  50              	HardFault_Handler:
  51              	.LFB135:
  85:Core/Src/stm32f4xx_it.c ****   /* USER CODE END NonMaskableInt_IRQn 1 */
  86:Core/Src/stm32f4xx_it.c **** }
  87:Core/Src/stm32f4xx_it.c **** 
  88:Core/Src/stm32f4xx_it.c **** /**
  89:Core/Src/stm32f4xx_it.c ****   * @brief This function handles Hard fault interrupt.
  90:Core/Src/stm32f4xx_it.c ****   */
  91:Core/Src/stm32f4xx_it.c **** void HardFault_Handler(void)
  92:Core/Src/stm32f4xx_it.c **** {
  52              		.loc 1 92 1 view -0
  53              		.cfi_startproc
  54              		@ Volatile: function does not return.
  55              		@ args = 0, pretend = 0, frame = 0
  56              		@ frame_needed = 0, uses_anonymous_args = 0
  57              		@ link register save eliminated.
  58              	.L4:
  93:Core/Src/stm32f4xx_it.c ****   /* USER CODE BEGIN HardFault_IRQn 0 */
  94:Core/Src/stm32f4xx_it.c **** 
  95:Core/Src/stm32f4xx_it.c ****   /* USER CODE END HardFault_IRQn 0 */
  96:Core/Src/stm32f4xx_it.c ****   while (1)
  59              		.loc 1 96 3 view .LVU5
  97:Core/Src/stm32f4xx_it.c ****   {
  98:Core/Src/stm32f4xx_it.c ****     /* USER CODE BEGIN W1_HardFault_IRQn 0 */
  99:Core/Src/stm32f4xx_it.c ****     /* USER CODE END W1_HardFault_IRQn 0 */
 100:Core/Src/stm32f4xx_it.c ****   }
  60              		.loc 1 100 3 view .LVU6
  96:Core/Src/stm32f4xx_it.c ****   {
  61              		.loc 1 96 9 view .LVU7
  62 0000 FEE7     		b	.L4
  63              		.cfi_endproc
  64              	.LFE135:
  66              		.section	.text.MemManage_Handler,"ax",%progbits
  67              		.align	1
  68              		.global	MemManage_Handler
  69              		.syntax unified
  70              		.thumb
  71              		.thumb_func
  73              	MemManage_Handler:
  74              	.LFB136:
ARM GAS  C:\Users\Liuzq\AppData\Local\Temp\ccPVzJG2.s 			page 4


 101:Core/Src/stm32f4xx_it.c **** }
 102:Core/Src/stm32f4xx_it.c **** 
 103:Core/Src/stm32f4xx_it.c **** /**
 104:Core/Src/stm32f4xx_it.c ****   * @brief This function handles Memory management fault.
 105:Core/Src/stm32f4xx_it.c ****   */
 106:Core/Src/stm32f4xx_it.c **** void MemManage_Handler(void)
 107:Core/Src/stm32f4xx_it.c **** {
  75              		.loc 1 107 1 view -0
  76              		.cfi_startproc
  77              		@ Volatile: function does not return.
  78              		@ args = 0, pretend = 0, frame = 0
  79              		@ frame_needed = 0, uses_anonymous_args = 0
  80              		@ link register save eliminated.
  81              	.L6:
 108:Core/Src/stm32f4xx_it.c ****   /* USER CODE BEGIN MemoryManagement_IRQn 0 */
 109:Core/Src/stm32f4xx_it.c **** 
 110:Core/Src/stm32f4xx_it.c ****   /* USER CODE END MemoryManagement_IRQn 0 */
 111:Core/Src/stm32f4xx_it.c ****   while (1)
  82              		.loc 1 111 3 view .LVU9
 112:Core/Src/stm32f4xx_it.c ****   {
 113:Core/Src/stm32f4xx_it.c ****     /* USER CODE BEGIN W1_MemoryManagement_IRQn 0 */
 114:Core/Src/stm32f4xx_it.c ****     /* USER CODE END W1_MemoryManagement_IRQn 0 */
 115:Core/Src/stm32f4xx_it.c ****   }
  83              		.loc 1 115 3 view .LVU10
 111:Core/Src/stm32f4xx_it.c ****   {
  84              		.loc 1 111 9 view .LVU11
  85 0000 FEE7     		b	.L6
  86              		.cfi_endproc
  87              	.LFE136:
  89              		.section	.text.BusFault_Handler,"ax",%progbits
  90              		.align	1
  91              		.global	BusFault_Handler
  92              		.syntax unified
  93              		.thumb
  94              		.thumb_func
  96              	BusFault_Handler:
  97              	.LFB137:
 116:Core/Src/stm32f4xx_it.c **** }
 117:Core/Src/stm32f4xx_it.c **** 
 118:Core/Src/stm32f4xx_it.c **** /**
 119:Core/Src/stm32f4xx_it.c ****   * @brief This function handles Pre-fetch fault, memory access fault.
 120:Core/Src/stm32f4xx_it.c ****   */
 121:Core/Src/stm32f4xx_it.c **** void BusFault_Handler(void)
 122:Core/Src/stm32f4xx_it.c **** {
  98              		.loc 1 122 1 view -0
  99              		.cfi_startproc
 100              		@ Volatile: function does not return.
 101              		@ args = 0, pretend = 0, frame = 0
 102              		@ frame_needed = 0, uses_anonymous_args = 0
 103              		@ link register save eliminated.
 104              	.L8:
 123:Core/Src/stm32f4xx_it.c ****   /* USER CODE BEGIN BusFault_IRQn 0 */
 124:Core/Src/stm32f4xx_it.c **** 
 125:Core/Src/stm32f4xx_it.c ****   /* USER CODE END BusFault_IRQn 0 */
 126:Core/Src/stm32f4xx_it.c ****   while (1)
 105              		.loc 1 126 3 view .LVU13
 127:Core/Src/stm32f4xx_it.c ****   {
ARM GAS  C:\Users\Liuzq\AppData\Local\Temp\ccPVzJG2.s 			page 5


 128:Core/Src/stm32f4xx_it.c ****     /* USER CODE BEGIN W1_BusFault_IRQn 0 */
 129:Core/Src/stm32f4xx_it.c ****     /* USER CODE END W1_BusFault_IRQn 0 */
 130:Core/Src/stm32f4xx_it.c ****   }
 106              		.loc 1 130 3 view .LVU14
 126:Core/Src/stm32f4xx_it.c ****   {
 107              		.loc 1 126 9 view .LVU15
 108 0000 FEE7     		b	.L8
 109              		.cfi_endproc
 110              	.LFE137:
 112              		.section	.text.UsageFault_Handler,"ax",%progbits
 113              		.align	1
 114              		.global	UsageFault_Handler
 115              		.syntax unified
 116              		.thumb
 117              		.thumb_func
 119              	UsageFault_Handler:
 120              	.LFB138:
 131:Core/Src/stm32f4xx_it.c **** }
 132:Core/Src/stm32f4xx_it.c **** 
 133:Core/Src/stm32f4xx_it.c **** /**
 134:Core/Src/stm32f4xx_it.c ****   * @brief This function handles Undefined instruction or illegal state.
 135:Core/Src/stm32f4xx_it.c ****   */
 136:Core/Src/stm32f4xx_it.c **** void UsageFault_Handler(void)
 137:Core/Src/stm32f4xx_it.c **** {
 121              		.loc 1 137 1 view -0
 122              		.cfi_startproc
 123              		@ Volatile: function does not return.
 124              		@ args = 0, pretend = 0, frame = 0
 125              		@ frame_needed = 0, uses_anonymous_args = 0
 126              		@ link register save eliminated.
 127              	.L10:
 138:Core/Src/stm32f4xx_it.c ****   /* USER CODE BEGIN UsageFault_IRQn 0 */
 139:Core/Src/stm32f4xx_it.c **** 
 140:Core/Src/stm32f4xx_it.c ****   /* USER CODE END UsageFault_IRQn 0 */
 141:Core/Src/stm32f4xx_it.c ****   while (1)
 128              		.loc 1 141 3 view .LVU17
 142:Core/Src/stm32f4xx_it.c ****   {
 143:Core/Src/stm32f4xx_it.c ****     /* USER CODE BEGIN W1_UsageFault_IRQn 0 */
 144:Core/Src/stm32f4xx_it.c ****     /* USER CODE END W1_UsageFault_IRQn 0 */
 145:Core/Src/stm32f4xx_it.c ****   }
 129              		.loc 1 145 3 view .LVU18
 141:Core/Src/stm32f4xx_it.c ****   {
 130              		.loc 1 141 9 view .LVU19
 131 0000 FEE7     		b	.L10
 132              		.cfi_endproc
 133              	.LFE138:
 135              		.section	.text.SVC_Handler,"ax",%progbits
 136              		.align	1
 137              		.global	SVC_Handler
 138              		.syntax unified
 139              		.thumb
 140              		.thumb_func
 142              	SVC_Handler:
 143              	.LFB139:
 146:Core/Src/stm32f4xx_it.c **** }
 147:Core/Src/stm32f4xx_it.c **** 
 148:Core/Src/stm32f4xx_it.c **** /**
ARM GAS  C:\Users\Liuzq\AppData\Local\Temp\ccPVzJG2.s 			page 6


 149:Core/Src/stm32f4xx_it.c ****   * @brief This function handles System service call via SWI instruction.
 150:Core/Src/stm32f4xx_it.c ****   */
 151:Core/Src/stm32f4xx_it.c **** void SVC_Handler(void)
 152:Core/Src/stm32f4xx_it.c **** {
 144              		.loc 1 152 1 view -0
 145              		.cfi_startproc
 146              		@ args = 0, pretend = 0, frame = 0
 147              		@ frame_needed = 0, uses_anonymous_args = 0
 148              		@ link register save eliminated.
 153:Core/Src/stm32f4xx_it.c ****   /* USER CODE BEGIN SVCall_IRQn 0 */
 154:Core/Src/stm32f4xx_it.c **** 
 155:Core/Src/stm32f4xx_it.c ****   /* USER CODE END SVCall_IRQn 0 */
 156:Core/Src/stm32f4xx_it.c ****   /* USER CODE BEGIN SVCall_IRQn 1 */
 157:Core/Src/stm32f4xx_it.c **** 
 158:Core/Src/stm32f4xx_it.c ****   /* USER CODE END SVCall_IRQn 1 */
 159:Core/Src/stm32f4xx_it.c **** }
 149              		.loc 1 159 1 view .LVU21
 150 0000 7047     		bx	lr
 151              		.cfi_endproc
 152              	.LFE139:
 154              		.section	.text.DebugMon_Handler,"ax",%progbits
 155              		.align	1
 156              		.global	DebugMon_Handler
 157              		.syntax unified
 158              		.thumb
 159              		.thumb_func
 161              	DebugMon_Handler:
 162              	.LFB140:
 160:Core/Src/stm32f4xx_it.c **** 
 161:Core/Src/stm32f4xx_it.c **** /**
 162:Core/Src/stm32f4xx_it.c ****   * @brief This function handles Debug monitor.
 163:Core/Src/stm32f4xx_it.c ****   */
 164:Core/Src/stm32f4xx_it.c **** void DebugMon_Handler(void)
 165:Core/Src/stm32f4xx_it.c **** {
 163              		.loc 1 165 1 view -0
 164              		.cfi_startproc
 165              		@ args = 0, pretend = 0, frame = 0
 166              		@ frame_needed = 0, uses_anonymous_args = 0
 167              		@ link register save eliminated.
 166:Core/Src/stm32f4xx_it.c ****   /* USER CODE BEGIN DebugMonitor_IRQn 0 */
 167:Core/Src/stm32f4xx_it.c **** 
 168:Core/Src/stm32f4xx_it.c ****   /* USER CODE END DebugMonitor_IRQn 0 */
 169:Core/Src/stm32f4xx_it.c ****   /* USER CODE BEGIN DebugMonitor_IRQn 1 */
 170:Core/Src/stm32f4xx_it.c **** 
 171:Core/Src/stm32f4xx_it.c ****   /* USER CODE END DebugMonitor_IRQn 1 */
 172:Core/Src/stm32f4xx_it.c **** }
 168              		.loc 1 172 1 view .LVU23
 169 0000 7047     		bx	lr
 170              		.cfi_endproc
 171              	.LFE140:
 173              		.section	.text.PendSV_Handler,"ax",%progbits
 174              		.align	1
 175              		.global	PendSV_Handler
 176              		.syntax unified
 177              		.thumb
 178              		.thumb_func
 180              	PendSV_Handler:
ARM GAS  C:\Users\Liuzq\AppData\Local\Temp\ccPVzJG2.s 			page 7


 181              	.LFB141:
 173:Core/Src/stm32f4xx_it.c **** 
 174:Core/Src/stm32f4xx_it.c **** /**
 175:Core/Src/stm32f4xx_it.c ****   * @brief This function handles Pendable request for system service.
 176:Core/Src/stm32f4xx_it.c ****   */
 177:Core/Src/stm32f4xx_it.c **** void PendSV_Handler(void)
 178:Core/Src/stm32f4xx_it.c **** {
 182              		.loc 1 178 1 view -0
 183              		.cfi_startproc
 184              		@ args = 0, pretend = 0, frame = 0
 185              		@ frame_needed = 0, uses_anonymous_args = 0
 186              		@ link register save eliminated.
 179:Core/Src/stm32f4xx_it.c ****   /* USER CODE BEGIN PendSV_IRQn 0 */
 180:Core/Src/stm32f4xx_it.c **** 
 181:Core/Src/stm32f4xx_it.c ****   /* USER CODE END PendSV_IRQn 0 */
 182:Core/Src/stm32f4xx_it.c ****   /* USER CODE BEGIN PendSV_IRQn 1 */
 183:Core/Src/stm32f4xx_it.c **** 
 184:Core/Src/stm32f4xx_it.c ****   /* USER CODE END PendSV_IRQn 1 */
 185:Core/Src/stm32f4xx_it.c **** }
 187              		.loc 1 185 1 view .LVU25
 188 0000 7047     		bx	lr
 189              		.cfi_endproc
 190              	.LFE141:
 192              		.section	.text.SysTick_Handler,"ax",%progbits
 193              		.align	1
 194              		.global	SysTick_Handler
 195              		.syntax unified
 196              		.thumb
 197              		.thumb_func
 199              	SysTick_Handler:
 200              	.LFB142:
 186:Core/Src/stm32f4xx_it.c **** 
 187:Core/Src/stm32f4xx_it.c **** /**
 188:Core/Src/stm32f4xx_it.c ****   * @brief This function handles System tick timer.
 189:Core/Src/stm32f4xx_it.c ****   */
 190:Core/Src/stm32f4xx_it.c **** void SysTick_Handler(void)
 191:Core/Src/stm32f4xx_it.c **** {
 201              		.loc 1 191 1 view -0
 202              		.cfi_startproc
 203              		@ args = 0, pretend = 0, frame = 0
 204              		@ frame_needed = 0, uses_anonymous_args = 0
 205 0000 08B5     		push	{r3, lr}
 206              	.LCFI0:
 207              		.cfi_def_cfa_offset 8
 208              		.cfi_offset 3, -8
 209              		.cfi_offset 14, -4
 192:Core/Src/stm32f4xx_it.c ****   /* USER CODE BEGIN SysTick_IRQn 0 */
 193:Core/Src/stm32f4xx_it.c **** 
 194:Core/Src/stm32f4xx_it.c ****   /* USER CODE END SysTick_IRQn 0 */
 195:Core/Src/stm32f4xx_it.c ****   HAL_IncTick();
 210              		.loc 1 195 3 view .LVU27
 211 0002 FFF7FEFF 		bl	HAL_IncTick
 212              	.LVL0:
 196:Core/Src/stm32f4xx_it.c ****   /* USER CODE BEGIN SysTick_IRQn 1 */
 197:Core/Src/stm32f4xx_it.c **** 
 198:Core/Src/stm32f4xx_it.c ****   /* USER CODE END SysTick_IRQn 1 */
 199:Core/Src/stm32f4xx_it.c **** }
ARM GAS  C:\Users\Liuzq\AppData\Local\Temp\ccPVzJG2.s 			page 8


 213              		.loc 1 199 1 is_stmt 0 view .LVU28
 214 0006 08BD     		pop	{r3, pc}
 215              		.cfi_endproc
 216              	.LFE142:
 218              		.section	.text.EXTI4_IRQHandler,"ax",%progbits
 219              		.align	1
 220              		.global	EXTI4_IRQHandler
 221              		.syntax unified
 222              		.thumb
 223              		.thumb_func
 225              	EXTI4_IRQHandler:
 226              	.LFB143:
 200:Core/Src/stm32f4xx_it.c **** 
 201:Core/Src/stm32f4xx_it.c **** /******************************************************************************/
 202:Core/Src/stm32f4xx_it.c **** /* STM32F4xx Peripheral Interrupt Handlers                                    */
 203:Core/Src/stm32f4xx_it.c **** /* Add here the Interrupt Handlers for the used peripherals.                  */
 204:Core/Src/stm32f4xx_it.c **** /* For the available peripheral interrupt handler names,                      */
 205:Core/Src/stm32f4xx_it.c **** /* please refer to the startup file (startup_stm32f4xx.s).                    */
 206:Core/Src/stm32f4xx_it.c **** /******************************************************************************/
 207:Core/Src/stm32f4xx_it.c **** 
 208:Core/Src/stm32f4xx_it.c **** /**
 209:Core/Src/stm32f4xx_it.c ****   * @brief This function handles EXTI line4 interrupt.
 210:Core/Src/stm32f4xx_it.c ****   */
 211:Core/Src/stm32f4xx_it.c **** void EXTI4_IRQHandler(void)
 212:Core/Src/stm32f4xx_it.c **** {
 227              		.loc 1 212 1 is_stmt 1 view -0
 228              		.cfi_startproc
 229              		@ args = 0, pretend = 0, frame = 0
 230              		@ frame_needed = 0, uses_anonymous_args = 0
 231 0000 08B5     		push	{r3, lr}
 232              	.LCFI1:
 233              		.cfi_def_cfa_offset 8
 234              		.cfi_offset 3, -8
 235              		.cfi_offset 14, -4
 213:Core/Src/stm32f4xx_it.c ****   /* USER CODE BEGIN EXTI4_IRQn 0 */
 214:Core/Src/stm32f4xx_it.c **** 
 215:Core/Src/stm32f4xx_it.c ****   /* USER CODE END EXTI4_IRQn 0 */
 216:Core/Src/stm32f4xx_it.c ****   HAL_GPIO_EXTI_IRQHandler(KEY0_Pin);
 236              		.loc 1 216 3 view .LVU30
 237 0002 1020     		movs	r0, #16
 238 0004 FFF7FEFF 		bl	HAL_GPIO_EXTI_IRQHandler
 239              	.LVL1:
 217:Core/Src/stm32f4xx_it.c ****   /* USER CODE BEGIN EXTI4_IRQn 1 */
 218:Core/Src/stm32f4xx_it.c **** 
 219:Core/Src/stm32f4xx_it.c ****   /* USER CODE END EXTI4_IRQn 1 */
 220:Core/Src/stm32f4xx_it.c **** }
 240              		.loc 1 220 1 is_stmt 0 view .LVU31
 241 0008 08BD     		pop	{r3, pc}
 242              		.cfi_endproc
 243              	.LFE143:
 245              		.section	.text.HAL_GPIO_EXTI_Callback,"ax",%progbits
 246              		.align	1
 247              		.global	HAL_GPIO_EXTI_Callback
 248              		.syntax unified
 249              		.thumb
 250              		.thumb_func
 252              	HAL_GPIO_EXTI_Callback:
ARM GAS  C:\Users\Liuzq\AppData\Local\Temp\ccPVzJG2.s 			page 9


 253              	.LVL2:
 254              	.LFB144:
 221:Core/Src/stm32f4xx_it.c **** 
 222:Core/Src/stm32f4xx_it.c **** /* USER CODE BEGIN 1 */
 223:Core/Src/stm32f4xx_it.c **** /**
 224:Core/Src/stm32f4xx_it.c ****   * @brief 重写EXTI中断回调，实现按键消抖和档位切换
 225:Core/Src/stm32f4xx_it.c ****   * @param GPIO_Pin 触发中断的引脚
 226:Core/Src/stm32f4xx_it.c ****   */
 227:Core/Src/stm32f4xx_it.c **** void HAL_GPIO_EXTI_Callback(uint16_t GPIO_Pin)
 228:Core/Src/stm32f4xx_it.c **** {
 255              		.loc 1 228 1 is_stmt 1 view -0
 256              		.cfi_startproc
 257              		@ args = 0, pretend = 0, frame = 0
 258              		@ frame_needed = 0, uses_anonymous_args = 0
 229:Core/Src/stm32f4xx_it.c ****     if(GPIO_Pin == KEY0_Pin)
 259              		.loc 1 229 5 view .LVU33
 260              		.loc 1 229 7 is_stmt 0 view .LVU34
 261 0000 1028     		cmp	r0, #16
 262 0002 00D0     		beq	.L24
 263 0004 7047     		bx	lr
 264              	.L24:
 228:Core/Src/stm32f4xx_it.c ****     if(GPIO_Pin == KEY0_Pin)
 265              		.loc 1 228 1 view .LVU35
 266 0006 08B5     		push	{r3, lr}
 267              	.LCFI2:
 268              		.cfi_def_cfa_offset 8
 269              		.cfi_offset 3, -8
 270              		.cfi_offset 14, -4
 271              	.LBB2:
 230:Core/Src/stm32f4xx_it.c ****     {
 231:Core/Src/stm32f4xx_it.c ****         uint32_t current_cycle = DWT_GetCycle();
 272              		.loc 1 231 9 is_stmt 1 view .LVU36
 273              		.loc 1 231 34 is_stmt 0 view .LVU37
 274 0008 FFF7FEFF 		bl	DWT_GetCycle
 275              	.LVL3:
 232:Core/Src/stm32f4xx_it.c ****         // 消抖判断：若距离上次触发时间小于消抖周期，则忽略本次中断
 233:Core/Src/stm32f4xx_it.c ****         if((current_cycle - last_interrupt_cycle) > DEBOUNCE_CYCLES)
 276              		.loc 1 233 9 is_stmt 1 view .LVU38
 277              		.loc 1 233 27 is_stmt 0 view .LVU39
 278 000c 054B     		ldr	r3, .L26
 279 000e 1B68     		ldr	r3, [r3]
 280 0010 C31A     		subs	r3, r0, r3
 281              		.loc 1 233 11 view .LVU40
 282 0012 054A     		ldr	r2, .L26+4
 283 0014 9342     		cmp	r3, r2
 284 0016 00D8     		bhi	.L25
 285              	.LVL4:
 286              	.L18:
 287              		.loc 1 233 11 view .LVU41
 288              	.LBE2:
 234:Core/Src/stm32f4xx_it.c ****         {
 235:Core/Src/stm32f4xx_it.c ****             last_interrupt_cycle = current_cycle;
 236:Core/Src/stm32f4xx_it.c ****             // 调用档位切换函数（定义在main.c中）
 237:Core/Src/stm32f4xx_it.c ****             Gear_Shift();
 238:Core/Src/stm32f4xx_it.c ****         }
 239:Core/Src/stm32f4xx_it.c ****     }
 240:Core/Src/stm32f4xx_it.c **** }
ARM GAS  C:\Users\Liuzq\AppData\Local\Temp\ccPVzJG2.s 			page 10


 289              		.loc 1 240 1 view .LVU42
 290 0018 08BD     		pop	{r3, pc}
 291              	.LVL5:
 292              	.L25:
 293              	.LBB3:
 235:Core/Src/stm32f4xx_it.c ****             // 调用档位切换函数（定义在main.c中）
 294              		.loc 1 235 13 is_stmt 1 view .LVU43
 235:Core/Src/stm32f4xx_it.c ****             // 调用档位切换函数（定义在main.c中）
 295              		.loc 1 235 34 is_stmt 0 view .LVU44
 296 001a 024B     		ldr	r3, .L26
 297 001c 1860     		str	r0, [r3]
 237:Core/Src/stm32f4xx_it.c ****         }
 298              		.loc 1 237 13 is_stmt 1 view .LVU45
 299 001e FFF7FEFF 		bl	Gear_Shift
 300              	.LVL6:
 237:Core/Src/stm32f4xx_it.c ****         }
 301              		.loc 1 237 13 is_stmt 0 view .LVU46
 302              	.LBE3:
 303              		.loc 1 240 1 view .LVU47
 304 0022 F9E7     		b	.L18
 305              	.L27:
 306              		.align	2
 307              	.L26:
 308 0024 00000000 		.word	last_interrupt_cycle
 309 0028 802C8000 		.word	8400000
 310              		.cfi_endproc
 311              	.LFE144:
 313              		.section	.bss.last_interrupt_cycle,"aw",%nobits
 314              		.align	2
 317              	last_interrupt_cycle:
 318 0000 00000000 		.space	4
 319              		.text
 320              	.Letext0:
 321              		.file 2 "C:/Users/Liuzq/.eide/tools/gcc_arm/arm-none-eabi/include/machine/_default_types.h"
 322              		.file 3 "C:/Users/Liuzq/.eide/tools/gcc_arm/arm-none-eabi/include/sys/_stdint.h"
 323              		.file 4 "Drivers/STM32F4xx_HAL_Driver/Inc/stm32f4xx_hal.h"
 324              		.file 5 "Drivers/STM32F4xx_HAL_Driver/Inc/stm32f4xx_hal_gpio.h"
ARM GAS  C:\Users\Liuzq\AppData\Local\Temp\ccPVzJG2.s 			page 11


DEFINED SYMBOLS
                            *ABS*:00000000 stm32f4xx_it.c
C:\Users\Liuzq\AppData\Local\Temp\ccPVzJG2.s:21     .text.NMI_Handler:00000000 $t
C:\Users\Liuzq\AppData\Local\Temp\ccPVzJG2.s:27     .text.NMI_Handler:00000000 NMI_Handler
C:\Users\Liuzq\AppData\Local\Temp\ccPVzJG2.s:44     .text.HardFault_Handler:00000000 $t
C:\Users\Liuzq\AppData\Local\Temp\ccPVzJG2.s:50     .text.HardFault_Handler:00000000 HardFault_Handler
C:\Users\Liuzq\AppData\Local\Temp\ccPVzJG2.s:67     .text.MemManage_Handler:00000000 $t
C:\Users\Liuzq\AppData\Local\Temp\ccPVzJG2.s:73     .text.MemManage_Handler:00000000 MemManage_Handler
C:\Users\Liuzq\AppData\Local\Temp\ccPVzJG2.s:90     .text.BusFault_Handler:00000000 $t
C:\Users\Liuzq\AppData\Local\Temp\ccPVzJG2.s:96     .text.BusFault_Handler:00000000 BusFault_Handler
C:\Users\Liuzq\AppData\Local\Temp\ccPVzJG2.s:113    .text.UsageFault_Handler:00000000 $t
C:\Users\Liuzq\AppData\Local\Temp\ccPVzJG2.s:119    .text.UsageFault_Handler:00000000 UsageFault_Handler
C:\Users\Liuzq\AppData\Local\Temp\ccPVzJG2.s:136    .text.SVC_Handler:00000000 $t
C:\Users\Liuzq\AppData\Local\Temp\ccPVzJG2.s:142    .text.SVC_Handler:00000000 SVC_Handler
C:\Users\Liuzq\AppData\Local\Temp\ccPVzJG2.s:155    .text.DebugMon_Handler:00000000 $t
C:\Users\Liuzq\AppData\Local\Temp\ccPVzJG2.s:161    .text.DebugMon_Handler:00000000 DebugMon_Handler
C:\Users\Liuzq\AppData\Local\Temp\ccPVzJG2.s:174    .text.PendSV_Handler:00000000 $t
C:\Users\Liuzq\AppData\Local\Temp\ccPVzJG2.s:180    .text.PendSV_Handler:00000000 PendSV_Handler
C:\Users\Liuzq\AppData\Local\Temp\ccPVzJG2.s:193    .text.SysTick_Handler:00000000 $t
C:\Users\Liuzq\AppData\Local\Temp\ccPVzJG2.s:199    .text.SysTick_Handler:00000000 SysTick_Handler
C:\Users\Liuzq\AppData\Local\Temp\ccPVzJG2.s:219    .text.EXTI4_IRQHandler:00000000 $t
C:\Users\Liuzq\AppData\Local\Temp\ccPVzJG2.s:225    .text.EXTI4_IRQHandler:00000000 EXTI4_IRQHandler
C:\Users\Liuzq\AppData\Local\Temp\ccPVzJG2.s:246    .text.HAL_GPIO_EXTI_Callback:00000000 $t
C:\Users\Liuzq\AppData\Local\Temp\ccPVzJG2.s:252    .text.HAL_GPIO_EXTI_Callback:00000000 HAL_GPIO_EXTI_Callback
C:\Users\Liuzq\AppData\Local\Temp\ccPVzJG2.s:308    .text.HAL_GPIO_EXTI_Callback:00000024 $d
C:\Users\Liuzq\AppData\Local\Temp\ccPVzJG2.s:317    .bss.last_interrupt_cycle:00000000 last_interrupt_cycle
C:\Users\Liuzq\AppData\Local\Temp\ccPVzJG2.s:314    .bss.last_interrupt_cycle:00000000 $d

UNDEFINED SYMBOLS
HAL_IncTick
HAL_GPIO_EXTI_IRQHandler
DWT_GetCycle
Gear_Shift
